[0.011s] Invoking command in '/home/johra-oishi/onboarding2_ws/build/my_circle_pkg': CMAKE_PREFIX_PATH=${CMAKE_PREFIX_PATH}:/home/johra-oishi/ros2_ws/install/my_robot_controller:/opt/ros/kilted DEBUGINFOD_URLS=https://debuginfod.ubuntu.com /usr/bin/cmake --build /home/johra-oishi/onboarding2_ws/build/my_circle_pkg -- -j8 -l8
[0.041s] -- Found ament_cmake: 2.7.3 (/opt/ros/kilted/share/ament_cmake/cmake)
[0.381s] -- Found rclcpp: 29.5.3 (/opt/ros/kilted/share/rclcpp/cmake)
[0.423s] -- Found rosidl_generator_c: 4.9.5 (/opt/ros/kilted/share/rosidl_generator_c/cmake)
[0.434s] -- Found rosidl_generator_cpp: 4.9.5 (/opt/ros/kilted/share/rosidl_generator_cpp/cmake)
[0.447s] -- Using all available rosidl_typesupport_c: rosidl_typesupport_fastrtps_c;rosidl_typesupport_introspection_c
[0.461s] -- Using all available rosidl_typesupport_cpp: rosidl_typesupport_fastrtps_cpp;rosidl_typesupport_introspection_cpp
[0.522s] -- Found rmw_implementation_cmake: 7.8.2 (/opt/ros/kilted/share/rmw_implementation_cmake/cmake)
[0.524s] -- Found rmw_fastrtps_cpp: 9.3.3 (/opt/ros/kilted/share/rmw_fastrtps_cpp/cmake)
[0.563s] -- Using RMW implementation 'rmw_fastrtps_cpp' as default
[0.629s] -- Found geometry_msgs: 5.5.1 (/opt/ros/kilted/share/geometry_msgs/cmake)
[0.660s] -- Found ament_lint_auto: 0.19.2 (/opt/ros/kilted/share/ament_lint_auto/cmake)
[0.779s] -- Added test 'cppcheck' to perform static code analysis on C / C++ code
[0.779s] -- Configured cppcheck include dirs: 
[0.779s] -- Configured cppcheck exclude dirs and/or files: 
[0.779s] -- Added test 'lint_cmake' to check CMake code style
[0.780s] -- Added test 'uncrustify' to check C / C++ code style
[0.780s] -- Configured uncrustify additional arguments: 
[0.780s] -- Added test 'xmllint' to check XML markup files
[0.781s] -- Configuring done (0.7s)
[0.794s] -- Generating done (0.0s)
[0.799s] -- Build files have been written to: /home/johra-oishi/onboarding2_ws/build/my_circle_pkg
[0.881s] [ 50%] [32mBuilding CXX object CMakeFiles/circle_node.dir/src/circle_node.cpp.o[0m
[3.216s] [01m[K/home/johra-oishi/onboarding2_ws/src/my_circle_pkg/src/circle_node.cpp:35:27:[m[K [01;31m[Kerror: [m[K‘[01m[Kgeomrey_msgs[m[K’ was not declared in this scope; did you mean ‘[01m[Kgeometry_msgs[m[K’?
[3.216s]    35 |         rclcpp::Publisher<[01;31m[Kgeomrey_msgs[m[K::msg::Twist>::SharedPtr publisher_;
[3.216s]       |                           [01;31m[K^~~~~~~~~~~~[m[K
[3.216s]       |                           [32m[Kgeometry_msgs[m[K
[3.216s] [01m[K/home/johra-oishi/onboarding2_ws/src/my_circle_pkg/src/circle_node.cpp:35:51:[m[K [01;31m[Kerror: [m[Ktemplate argument 1 is invalid
[3.216s]    35 |         rclcpp::Publisher<geomrey_msgs::msg::Twist[01;31m[K>[m[K::SharedPtr publisher_;
[3.216s]       |                                                   [01;31m[K^[m[K
[3.216s] [01m[K/home/johra-oishi/onboarding2_ws/src/my_circle_pkg/src/circle_node.cpp:35:54:[m[K [01;31m[Kerror: [m[Kexpected ‘[01m[K;[m[K’ at end of member declaration
[3.216s]    35 |         rclcpp::Publisher<geomrey_msgs::msg::Twist>::[01;31m[KSharedPtr[m[K publisher_;
[3.216s]       |                                                      [01;31m[K^~~~~~~~~[m[K
[3.216s]       |                                                               [32m[K;[m[K
[3.218s] [01m[K/home/johra-oishi/onboarding2_ws/src/my_circle_pkg/src/circle_node.cpp:35:64:[m[K [01;31m[Kerror: [m[K‘[01m[Kpublisher_[m[K’ does not name a type; did you mean ‘[01m[Krmw_publisher_t[m[K’?
[3.218s]    35 |      rclcpp::Publisher<geomrey_msgs::msg::Twist>::SharedPtr [01;31m[Kpublisher_[m[K;
[3.218s]       |                                                             [01;31m[K^~~~~~~~~~[m[K
[3.218s]       |                                                             [32m[Krmw_publisher_t[m[K
[3.226s] [01m[K/home/johra-oishi/onboarding2_ws/src/my_circle_pkg/src/circle_node.cpp:[m[K In constructor ‘[01m[KCircleNode::[01;32m[KCircleNode[m[K()[m[K’:
[3.226s] [01m[K/home/johra-oishi/onboarding2_ws/src/my_circle_pkg/src/circle_node.cpp:10:17:[m[K [01;31m[Kerror: [m[K‘[01m[Kpublisher_[m[K’ was not declared in this scope; did you mean ‘[01m[Krmw_publisher_t[m[K’?
[3.226s]    10 |                 [01;31m[Kpublisher_[m[K= this->create_publisher<geometry_msgs::msg::Twist>("tutrtle/cmd_vel", 10);
[3.226s]       |                 [01;31m[K^~~~~~~~~~[m[K
[3.226s]       |                 [32m[Krmw_publisher_t[m[K
[3.235s] [01m[K/home/johra-oishi/onboarding2_ws/src/my_circle_pkg/src/circle_node.cpp:15:44:[m[K [01;31m[Kerror: [m[K‘[01m[Kangilar_velocity[m[K’ was not declared in this scope; did you mean ‘[01m[Kangular_velocity[m[K’?
[3.235s]    15 |                 double radius = velocity / [01;31m[Kangilar_velocity[m[K;
[3.235s]       |                                            [01;31m[K^~~~~~~~~~~~~~~~[m[K
[3.236s]       |                                            [32m[Kangular_velocity[m[K
[3.242s] In file included from [01m[K/opt/ros/kilted/include/rclcpp/rclcpp/logging.hpp:24[m[K,
[3.242s]                  from [01m[K/opt/ros/kilted/include/rclcpp/rclcpp/copy_all_parameter_values.hpp:27[m[K,
[3.242s]                  from [01m[K/opt/ros/kilted/include/rclcpp/rclcpp/rclcpp.hpp:171[m[K,
[3.242s]                  from [01m[K/home/johra-oishi/onboarding2_ws/src/my_circle_pkg/src/circle_node.cpp:1[m[K:
[3.242s] [01m[K/home/johra-oishi/onboarding2_ws/src/my_circle_pkg/src/circle_node.cpp:18:70:[m[K [01;31m[Kerror: [m[K‘[01m[Kraidus[m[K’ was not declared in this scope; did you mean ‘[01m[Kradius[m[K’?
[3.243s]    18 |           RCLCPP_INFO(this->get_logger(),"Cirlce radius: %2f", [01;31m[Kraidus[m[K);
[3.243s]       |                                                                [01;31m[K^~~~~~[m[K
[3.243s] 
[3.243s] [01m[K/home/johra-oishi/onboarding2_ws/src/my_circle_pkg/src/circle_node.cpp:19:49:[m[K [01;35m[Kwarning: [m[Kformat ‘[01m[K%f[m[K’ expects a matching ‘[01m[Kdouble[m[K’ argument [[01;35m[K]8;;https://gcc.gnu.org/onlinedocs/gcc/Warning-Options.html#index-Wformat=-Wformat=]8;;[m[K]
[3.243s]    19 |                 RCLCPP_INFO(this->get_logger(), [01;35m[K"Circumference: %2f, circumference"[m[K);
[3.243s]       |                                                 [01;35m[K^~~~~~~~~~~~~~~~~~~~~~~~~~~~~~~~~~~[m[K
[3.243s] [01m[K/home/johra-oishi/onboarding2_ws/src/my_circle_pkg/src/circle_node.cpp:19:67:[m[K [01;36m[Knote: [m[Kformat string is defined here
[3.243s]    19 |           RCLCPP_INFO(this->get_logger(), "Circumference: [01;36m[K%2f[m[K, circumference");
[3.243s]       |                                                           [01;36m[K~~^[m[K
[3.243s]       |                                                             [01;36m[K|[m[K
[3.243s]       |                                                             [01;36m[Kdouble[m[K
[3.244s] 
[3.244s] [01m[K/home/johra-oishi/onboarding2_ws/src/my_circle_pkg/src/circle_node.cpp:22:32:[m[K [01;31m[Kerror: [m[Kexpected primary-expression before user-defined string literal
[3.244s]    22 |                     std::chrono[01;31m[K""milliseconds[m[K(100),
[3.244s]       |                                [01;31m[K^~~~~~~~~~~~~~[m[K
[3.248s] [01m[K/home/johra-oishi/onboarding2_ws/src/my_circle_pkg/src/circle_node.cpp:16:24:[m[K [01;35m[Kwarning: [m[Kunused variable ‘[01m[Kcircumference[m[K’ [[01;35m[K]8;;https://gcc.gnu.org/onlinedocs/gcc/Warning-Options.html#index-Wunused-variable-Wunused-variable]8;;[m[K]
[3.248s]    16 |                 double [01;35m[Kcircumference[m[K = 2 * M_PI * radius;
[3.249s]       |                        [01;35m[K^~~~~~~~~~~~~[m[K
[3.249s] [01m[K/home/johra-oishi/onboarding2_ws/src/my_circle_pkg/src/circle_node.cpp:[m[K In member function ‘[01m[Kvoid CircleNode::[01;32m[Kpublish_cmd[m[K()[m[K’:
[3.249s] [01m[K/home/johra-oishi/onboarding2_ws/src/my_circle_pkg/src/circle_node.cpp:29:17:[m[K [01;31m[Kerror: [m[K‘[01m[Kgeometry[m[K’ has not been declared
[3.249s]    29 |                 [01;31m[Kgeometry[m[K::msgs::msg::Twist msg;
[3.249s]       |                 [01;31m[K^~~~~~~~[m[K
[3.250s] [01m[K/home/johra-oishi/onboarding2_ws/src/my_circle_pkg/src/circle_node.cpp:30:17:[m[K [01;31m[Kerror: [m[K‘[01m[Kmsg[m[K’ was not declared in this scope
[3.250s]    30 |                 [01;31m[Kmsg[m[K.linear.x = velocity;
[3.250s]       |                 [01;31m[K^~~[m[K
[3.250s] [01m[K/home/johra-oishi/onboarding2_ws/src/my_circle_pkg/src/circle_node.cpp:30:17:[m[K [01;36m[Knote: [m[Ksuggested alternatives:
[3.250s] In file included from [01m[K/opt/ros/kilted/include/rcl_interfaces/rcl_interfaces/srv/detail/list_parameters__struct.hpp:156[m[K,
[3.250s]                  from [01m[K/opt/ros/kilted/include/rcl_interfaces/rcl_interfaces/srv/list_parameters.hpp:7[m[K,
[3.250s]                  from [01m[K/opt/ros/kilted/include/rclcpp/rclcpp/copy_all_parameter_values.hpp:21[m[K:
[3.250s] [01m[K/opt/ros/kilted/include/rcl_interfaces/rcl_interfaces/msg/detail/list_parameters_result__struct.hpp:30:11:[m[K [01;36m[Knote: [m[K  ‘[01m[Krcl_interfaces::msg[m[K’
[3.250s]    30 | namespace [01;36m[Kmsg[m[K
[3.250s]       |           [01;36m[K^~~[m[K
[3.251s] In file included from [01m[K/opt/ros/kilted/include/service_msgs/service_msgs/msg/detail/service_event_info__struct.hpp:23[m[K,
[3.251s]                  from [01m[K/opt/ros/kilted/include/rcl_interfaces/rcl_interfaces/srv/detail/list_parameters__struct.hpp:267[m[K:
[3.251s] [01m[K/opt/ros/kilted/include/builtin_interfaces/builtin_interfaces/msg/detail/time__struct.hpp:30:11:[m[K [01;36m[Knote: [m[K  ‘[01m[Kbuiltin_interfaces::msg[m[K’
[3.251s]    30 | namespace [01;36m[Kmsg[m[K
[3.251s]       |           [01;36m[K^~~[m[K
[3.251s] [01m[K/opt/ros/kilted/include/service_msgs/service_msgs/msg/detail/service_event_info__struct.hpp:34:11:[m[K [01;36m[Knote: [m[K  ‘[01m[Kservice_msgs::msg[m[K’
[3.251s]    34 | namespace [01;36m[Kmsg[m[K
[3.251s]       |           [01;36m[K^~~[m[K
[3.251s] In file included from [01m[K/opt/ros/kilted/include/statistics_msgs/statistics_msgs/msg/detail/metrics_message__struct.hpp:26[m[K,
[3.251s]                  from [01m[K/opt/ros/kilted/include/statistics_msgs/statistics_msgs/msg/metrics_message.hpp:7[m[K,
[3.251s]                  from [01m[K/opt/ros/kilted/include/libstatistics_collector/libstatistics_collector/collector/generate_statistics_message.hpp:21[m[K,
[3.251s]                  from [01m[K/opt/ros/kilted/include/rclcpp/rclcpp/topic_statistics/subscription_topic_statistics.hpp:23[m[K,
[3.251s]                  from [01m[K/opt/ros/kilted/include/rclcpp/rclcpp/subscription.hpp:50[m[K,
[3.251s]                  from [01m[K/opt/ros/kilted/include/rclcpp/rclcpp/any_executable.hpp:25[m[K,
[3.251s]                  from [01m[K/opt/ros/kilted/include/rclcpp/rclcpp/memory_strategy.hpp:25[m[K,
[3.252s]                  from [01m[K/opt/ros/kilted/include/rclcpp/rclcpp/memory_strategies.hpp:18[m[K,
[3.252s]                  from [01m[K/opt/ros/kilted/include/rclcpp/rclcpp/executor_options.hpp:22[m[K,
[3.252s]                  from [01m[K/opt/ros/kilted/include/rclcpp/rclcpp/executor.hpp:38[m[K,
[3.252s]                  from [01m[K/opt/ros/kilted/include/rclcpp/rclcpp/executors/multi_threaded_executor.hpp:25[m[K,
[3.252s]                  from [01m[K/opt/ros/kilted/include/rclcpp/rclcpp/executors.hpp:21[m[K,
[3.252s]                  from [01m[K/opt/ros/kilted/include/rclcpp/rclcpp/rclcpp.hpp:172[m[K:
[3.252s] [01m[K/opt/ros/kilted/include/statistics_msgs/statistics_msgs/msg/detail/statistic_data_point__struct.hpp:30:11:[m[K [01;36m[Knote: [m[K  ‘[01m[Kstatistics_msgs::msg[m[K’
[3.252s]    30 | namespace [01;36m[Kmsg[m[K
[3.252s]       |           [01;36m[K^~~[m[K
[3.252s] In file included from [01m[K/opt/ros/kilted/include/geometry_msgs/geometry_msgs/msg/detail/twist__struct.hpp:24[m[K,
[3.252s]                  from [01m[K/opt/ros/kilted/include/geometry_msgs/geometry_msgs/msg/twist.hpp:7[m[K,
[3.252s]                  from [01m[K/home/johra-oishi/onboarding2_ws/src/my_circle_pkg/src/circle_node.cpp:2[m[K:
[3.252s] [01m[K/opt/ros/kilted/include/geometry_msgs/geometry_msgs/msg/detail/vector3__struct.hpp:30:11:[m[K [01;36m[Knote: [m[K  ‘[01m[Kgeometry_msgs::msg[m[K’
[3.252s]    30 | namespace [01;36m[Kmsg[m[K
[3.252s]       |           [01;36m[K^~~[m[K
[3.259s] [01m[K/home/johra-oishi/onboarding2_ws/src/my_circle_pkg/src/circle_node.cpp:32:17:[m[K [01;31m[Kerror: [m[K‘[01m[Kpublisher_[m[K’ was not declared in this scope; did you mean ‘[01m[Krmw_publisher_t[m[K’?
[3.259s]    32 |                 [01;31m[Kpublisher_[m[K->publish(msg);
[3.259s]       |                 [01;31m[K^~~~~~~~~~[m[K
[3.259s]       |                 [32m[Krmw_publisher_t[m[K
[4.199s] gmake[2]: *** [CMakeFiles/circle_node.dir/build.make:76: CMakeFiles/circle_node.dir/src/circle_node.cpp.o] Error 1
[4.199s] gmake[1]: *** [CMakeFiles/Makefile2:137: CMakeFiles/circle_node.dir/all] Error 2
[4.199s] gmake: *** [Makefile:146: all] Error 2
[4.201s] Invoked command in '/home/johra-oishi/onboarding2_ws/build/my_circle_pkg' returned '2': CMAKE_PREFIX_PATH=${CMAKE_PREFIX_PATH}:/home/johra-oishi/ros2_ws/install/my_robot_controller:/opt/ros/kilted DEBUGINFOD_URLS=https://debuginfod.ubuntu.com /usr/bin/cmake --build /home/johra-oishi/onboarding2_ws/build/my_circle_pkg -- -j8 -l8
