-- The C compiler identification is GNU 13.3.0
-- The CXX compiler identification is GNU 13.3.0
-- Detecting C compiler ABI info
-- Detecting C compiler ABI info - done
-- Check for working C compiler: /usr/bin/cc - skipped
-- Detecting C compile features
-- Detecting C compile features - done
-- Detecting CXX compiler ABI info
-- Detecting CXX compiler ABI info - done
-- Check for working CXX compiler: /usr/bin/c++ - skipped
-- Detecting CXX compile features
-- Detecting CXX compile features - done
-- Found ament_cmake: 2.7.3 (/opt/ros/kilted/share/ament_cmake/cmake)
-- Found Python3: /usr/bin/python3 (found version "3.12.3") found components: Interpreter 
-- Found rclcpp: 29.5.3 (/opt/ros/kilted/share/rclcpp/cmake)
-- Found rosidl_generator_c: 4.9.5 (/opt/ros/kilted/share/rosidl_generator_c/cmake)
-- Found rosidl_generator_cpp: 4.9.5 (/opt/ros/kilted/share/rosidl_generator_cpp/cmake)
-- Using all available rosidl_typesupport_c: rosidl_typesupport_fastrtps_c;rosidl_typesupport_introspection_c
-- Using all available rosidl_typesupport_cpp: rosidl_typesupport_fastrtps_cpp;rosidl_typesupport_introspection_cpp
-- Found rmw_implementation_cmake: 7.8.2 (/opt/ros/kilted/share/rmw_implementation_cmake/cmake)
-- Found rmw_fastrtps_cpp: 9.3.3 (/opt/ros/kilted/share/rmw_fastrtps_cpp/cmake)
-- Found OpenSSL: /usr/lib/x86_64-linux-gnu/libcrypto.so (found version "3.0.13")  
-- Using RMW implementation 'rmw_fastrtps_cpp' as default
-- Found geometry_msgs: 5.5.1 (/opt/ros/kilted/share/geometry_msgs/cmake)
-- Found ament_lint_auto: 0.19.2 (/opt/ros/kilted/share/ament_lint_auto/cmake)
-- Added test 'cppcheck' to perform static code analysis on C / C++ code
-- Configured cppcheck include dirs: 
-- Configured cppcheck exclude dirs and/or files: 
-- Added test 'lint_cmake' to check CMake code style
-- Added test 'uncrustify' to check C / C++ code style
-- Configured uncrustify additional arguments: 
-- Added test 'xmllint' to check XML markup files
-- Configuring done (1.4s)
-- Generating done (0.0s)
-- Build files have been written to: /home/johra-oishi/onboarding2_ws/src/build/my_circle_pkg
[ 50%] [32mBuilding CXX object CMakeFiles/circle_node.dir/src/circle_node.cpp.o[0m
[100%] [32m[1mLinking CXX executable circle_node[0m
[100%] Built target circle_node
-- Install configuration: ""
-- Installing: /home/johra-oishi/onboarding2_ws/src/install/my_circle_pkg/lib/my_circle_pkg/circle_node
-- Set non-toolchain portion of runtime path of "/home/johra-oishi/onboarding2_ws/src/install/my_circle_pkg/lib/my_circle_pkg/circle_node" to ""
-- Installing: /home/johra-oishi/onboarding2_ws/src/install/my_circle_pkg/share/ament_index/resource_index/package_run_dependencies/my_circle_pkg
-- Installing: /home/johra-oishi/onboarding2_ws/src/install/my_circle_pkg/share/ament_index/resource_index/parent_prefix_path/my_circle_pkg
-- Installing: /home/johra-oishi/onboarding2_ws/src/install/my_circle_pkg/share/my_circle_pkg/environment/ament_prefix_path.sh
-- Installing: /home/johra-oishi/onboarding2_ws/src/install/my_circle_pkg/share/my_circle_pkg/environment/ament_prefix_path.dsv
-- Installing: /home/johra-oishi/onboarding2_ws/src/install/my_circle_pkg/share/my_circle_pkg/environment/path.sh
-- Installing: /home/johra-oishi/onboarding2_ws/src/install/my_circle_pkg/share/my_circle_pkg/environment/path.dsv
-- Installing: /home/johra-oishi/onboarding2_ws/src/install/my_circle_pkg/share/my_circle_pkg/local_setup.bash
-- Installing: /home/johra-oishi/onboarding2_ws/src/install/my_circle_pkg/share/my_circle_pkg/local_setup.sh
-- Installing: /home/johra-oishi/onboarding2_ws/src/install/my_circle_pkg/share/my_circle_pkg/local_setup.zsh
-- Installing: /home/johra-oishi/onboarding2_ws/src/install/my_circle_pkg/share/my_circle_pkg/local_setup.dsv
-- Installing: /home/johra-oishi/onboarding2_ws/src/install/my_circle_pkg/share/my_circle_pkg/package.dsv
-- Installing: /home/johra-oishi/onboarding2_ws/src/install/my_circle_pkg/share/ament_index/resource_index/packages/my_circle_pkg
-- Installing: /home/johra-oishi/onboarding2_ws/src/install/my_circle_pkg/share/my_circle_pkg/cmake/my_circle_pkgConfig.cmake
-- Installing: /home/johra-oishi/onboarding2_ws/src/install/my_circle_pkg/share/my_circle_pkg/cmake/my_circle_pkgConfig-version.cmake
-- Installing: /home/johra-oishi/onboarding2_ws/src/install/my_circle_pkg/share/my_circle_pkg/package.xml
