[0.009s] Invoking command in '/home/johra-oishi/onboarding2_ws/src/build/my_circle_pkg': CMAKE_PREFIX_PATH=${CMAKE_PREFIX_PATH}:/home/johra-oishi/ros2_ws/install/my_robot_controller:/opt/ros/kilted DEBUGINFOD_URLS=https://debuginfod.ubuntu.com /usr/bin/cmake /home/johra-oishi/onboarding2_ws/src/my_circle_pkg -DCMAKE_INSTALL_PREFIX=/home/johra-oishi/onboarding2_ws/src/install/my_circle_pkg
[0.104s] -- The C compiler identification is GNU 13.3.0
[0.182s] -- The CXX compiler identification is GNU 13.3.0
[0.203s] -- Detecting C compiler ABI info
[0.360s] -- Detecting C compiler ABI info - done
[0.382s] -- Check for working C compiler: /usr/bin/cc - skipped
[0.383s] -- Detecting C compile features
[0.384s] -- Detecting C compile features - done
[0.398s] -- Detecting CXX compiler ABI info
[0.602s] -- Detecting CXX compiler ABI info - done
[0.618s] -- Check for working CXX compiler: /usr/bin/c++ - skipped
[0.618s] -- Detecting CXX compile features
[0.619s] -- Detecting CXX compile features - done
[0.621s] -- Found ament_cmake: 2.7.3 (/opt/ros/kilted/share/ament_cmake/cmake)
[0.799s] -- Found Python3: /usr/bin/python3 (found version "3.12.3") found components: Interpreter 
[0.932s] -- Found rclcpp: 29.5.3 (/opt/ros/kilted/share/rclcpp/cmake)
[0.971s] -- Found rosidl_generator_c: 4.9.5 (/opt/ros/kilted/share/rosidl_generator_c/cmake)
[0.984s] -- Found rosidl_generator_cpp: 4.9.5 (/opt/ros/kilted/share/rosidl_generator_cpp/cmake)
[1.001s] -- Using all available rosidl_typesupport_c: rosidl_typesupport_fastrtps_c;rosidl_typesupport_introspection_c
[1.019s] -- Using all available rosidl_typesupport_cpp: rosidl_typesupport_fastrtps_cpp;rosidl_typesupport_introspection_cpp
[1.094s] -- Found rmw_implementation_cmake: 7.8.2 (/opt/ros/kilted/share/rmw_implementation_cmake/cmake)
[1.097s] -- Found rmw_fastrtps_cpp: 9.3.3 (/opt/ros/kilted/share/rmw_fastrtps_cpp/cmake)
[1.184s] -- Found OpenSSL: /usr/lib/x86_64-linux-gnu/libcrypto.so (found version "3.0.13")  
[1.201s] -- Using RMW implementation 'rmw_fastrtps_cpp' as default
[1.284s] -- Found geometry_msgs: 5.5.1 (/opt/ros/kilted/share/geometry_msgs/cmake)
[1.324s] -- Found ament_lint_auto: 0.19.2 (/opt/ros/kilted/share/ament_lint_auto/cmake)
[1.455s] -- Added test 'cppcheck' to perform static code analysis on C / C++ code
[1.455s] -- Configured cppcheck include dirs: 
[1.455s] -- Configured cppcheck exclude dirs and/or files: 
[1.456s] -- Added test 'lint_cmake' to check CMake code style
[1.458s] -- Added test 'uncrustify' to check C / C++ code style
[1.458s] -- Configured uncrustify additional arguments: 
[1.459s] -- Added test 'xmllint' to check XML markup files
[1.461s] -- Configuring done (1.4s)
[1.481s] -- Generating done (0.0s)
[1.489s] -- Build files have been written to: /home/johra-oishi/onboarding2_ws/src/build/my_circle_pkg
[1.499s] Invoked command in '/home/johra-oishi/onboarding2_ws/src/build/my_circle_pkg' returned '0': CMAKE_PREFIX_PATH=${CMAKE_PREFIX_PATH}:/home/johra-oishi/ros2_ws/install/my_robot_controller:/opt/ros/kilted DEBUGINFOD_URLS=https://debuginfod.ubuntu.com /usr/bin/cmake /home/johra-oishi/onboarding2_ws/src/my_circle_pkg -DCMAKE_INSTALL_PREFIX=/home/johra-oishi/onboarding2_ws/src/install/my_circle_pkg
[1.501s] Invoking command in '/home/johra-oishi/onboarding2_ws/src/build/my_circle_pkg': CMAKE_PREFIX_PATH=${CMAKE_PREFIX_PATH}:/home/johra-oishi/ros2_ws/install/my_robot_controller:/opt/ros/kilted DEBUGINFOD_URLS=https://debuginfod.ubuntu.com /usr/bin/cmake --build /home/johra-oishi/onboarding2_ws/src/build/my_circle_pkg -- -j8 -l8
[1.592s] [ 50%] [32mBuilding CXX object CMakeFiles/circle_node.dir/src/circle_node.cpp.o[0m
[6.154s] [100%] [32m[1mLinking CXX executable circle_node[0m
[6.349s] [100%] Built target circle_node
[6.361s] Invoked command in '/home/johra-oishi/onboarding2_ws/src/build/my_circle_pkg' returned '0': CMAKE_PREFIX_PATH=${CMAKE_PREFIX_PATH}:/home/johra-oishi/ros2_ws/install/my_robot_controller:/opt/ros/kilted DEBUGINFOD_URLS=https://debuginfod.ubuntu.com /usr/bin/cmake --build /home/johra-oishi/onboarding2_ws/src/build/my_circle_pkg -- -j8 -l8
[6.371s] Invoking command in '/home/johra-oishi/onboarding2_ws/src/build/my_circle_pkg': CMAKE_PREFIX_PATH=${CMAKE_PREFIX_PATH}:/home/johra-oishi/ros2_ws/install/my_robot_controller:/opt/ros/kilted DEBUGINFOD_URLS=https://debuginfod.ubuntu.com /usr/bin/cmake --install /home/johra-oishi/onboarding2_ws/src/build/my_circle_pkg
[6.382s] -- Install configuration: ""
[6.382s] -- Installing: /home/johra-oishi/onboarding2_ws/src/install/my_circle_pkg/lib/my_circle_pkg/circle_node
[6.383s] -- Set non-toolchain portion of runtime path of "/home/johra-oishi/onboarding2_ws/src/install/my_circle_pkg/lib/my_circle_pkg/circle_node" to ""
[6.384s] -- Installing: /home/johra-oishi/onboarding2_ws/src/install/my_circle_pkg/share/ament_index/resource_index/package_run_dependencies/my_circle_pkg
[6.384s] -- Installing: /home/johra-oishi/onboarding2_ws/src/install/my_circle_pkg/share/ament_index/resource_index/parent_prefix_path/my_circle_pkg
[6.385s] -- Installing: /home/johra-oishi/onboarding2_ws/src/install/my_circle_pkg/share/my_circle_pkg/environment/ament_prefix_path.sh
[6.385s] -- Installing: /home/johra-oishi/onboarding2_ws/src/install/my_circle_pkg/share/my_circle_pkg/environment/ament_prefix_path.dsv
[6.385s] -- Installing: /home/johra-oishi/onboarding2_ws/src/install/my_circle_pkg/share/my_circle_pkg/environment/path.sh
[6.385s] -- Installing: /home/johra-oishi/onboarding2_ws/src/install/my_circle_pkg/share/my_circle_pkg/environment/path.dsv
[6.385s] -- Installing: /home/johra-oishi/onboarding2_ws/src/install/my_circle_pkg/share/my_circle_pkg/local_setup.bash
[6.385s] -- Installing: /home/johra-oishi/onboarding2_ws/src/install/my_circle_pkg/share/my_circle_pkg/local_setup.sh
[6.386s] -- Installing: /home/johra-oishi/onboarding2_ws/src/install/my_circle_pkg/share/my_circle_pkg/local_setup.zsh
[6.386s] -- Installing: /home/johra-oishi/onboarding2_ws/src/install/my_circle_pkg/share/my_circle_pkg/local_setup.dsv
[6.386s] -- Installing: /home/johra-oishi/onboarding2_ws/src/install/my_circle_pkg/share/my_circle_pkg/package.dsv
[6.386s] -- Installing: /home/johra-oishi/onboarding2_ws/src/install/my_circle_pkg/share/ament_index/resource_index/packages/my_circle_pkg
[6.387s] -- Installing: /home/johra-oishi/onboarding2_ws/src/install/my_circle_pkg/share/my_circle_pkg/cmake/my_circle_pkgConfig.cmake
[6.387s] -- Installing: /home/johra-oishi/onboarding2_ws/src/install/my_circle_pkg/share/my_circle_pkg/cmake/my_circle_pkgConfig-version.cmake
[6.387s] -- Installing: /home/johra-oishi/onboarding2_ws/src/install/my_circle_pkg/share/my_circle_pkg/package.xml
[6.390s] Invoked command in '/home/johra-oishi/onboarding2_ws/src/build/my_circle_pkg' returned '0': CMAKE_PREFIX_PATH=${CMAKE_PREFIX_PATH}:/home/johra-oishi/ros2_ws/install/my_robot_controller:/opt/ros/kilted DEBUGINFOD_URLS=https://debuginfod.ubuntu.com /usr/bin/cmake --install /home/johra-oishi/onboarding2_ws/src/build/my_circle_pkg
