[0.103s] DEBUG:colcon:Command line arguments: ['/usr/bin/colcon', 'build']
[0.103s] DEBUG:colcon:Parsed command line arguments: Namespace(log_base=None, log_level=None, verb_name='build', build_base='build', install_base='install', merge_install=False, symlink_install=False, test_result_base=None, continue_on_error=False, executor='parallel', parallel_workers=8, event_handlers=None, ignore_user_meta=False, metas=['./colcon.meta'], base_paths=['.'], packages_ignore=None, packages_ignore_regex=None, paths=None, packages_up_to=None, packages_up_to_regex=None, packages_above=None, packages_above_and_dependencies=None, packages_above_depth=None, packages_select_by_dep=None, packages_skip_by_dep=None, packages_skip_up_to=None, packages_select_build_failed=False, packages_skip_build_finished=False, packages_select_test_failures=False, packages_skip_test_passed=False, packages_select=None, packages_skip=None, packages_select_regex=None, packages_skip_regex=None, packages_start=None, packages_end=None, allow_overriding=[], cmake_args=None, cmake_target=None, cmake_target_skip_unavailable=False, cmake_clean_cache=False, cmake_clean_first=False, cmake_force_configure=False, ament_cmake_args=None, catkin_cmake_args=None, catkin_skip_building_tests=False, mixin_files=None, mixin=None, verb_parser=<colcon_mixin.mixin.mixin_argument.MixinArgumentDecorator object at 0x7a954dc887d0>, verb_extension=<colcon_core.verb.build.BuildVerb object at 0x7a954dc884a0>, main=<bound method BuildVerb.main of <colcon_core.verb.build.BuildVerb object at 0x7a954dc884a0>>, mixin_verb=('build',))
[0.140s] Level 1:colcon.colcon_core.package_discovery:discover_packages(colcon_meta) check parameters
[0.140s] Level 1:colcon.colcon_core.package_discovery:discover_packages(recursive) check parameters
[0.140s] Level 1:colcon.colcon_core.package_discovery:discover_packages(ignore) check parameters
[0.140s] Level 1:colcon.colcon_core.package_discovery:discover_packages(path) check parameters
[0.140s] Level 1:colcon.colcon_core.package_discovery:discover_packages(colcon_meta) discover
[0.140s] Level 1:colcon.colcon_core.package_discovery:discover_packages(recursive) discover
[0.140s] INFO:colcon.colcon_core.package_discovery:Crawling recursively for packages in '/home/johra-oishi/onboarding2_ws/src'
[0.141s] Level 1:colcon.colcon_core.package_identification:_identify(.) by extensions ['ignore', 'ignore_ament_install']
[0.141s] Level 1:colcon.colcon_core.package_identification:_identify(.) by extension 'ignore'
[0.141s] Level 1:colcon.colcon_core.package_identification:_identify(.) by extension 'ignore_ament_install'
[0.141s] Level 1:colcon.colcon_core.package_identification:_identify(.) by extensions ['colcon_pkg']
[0.141s] Level 1:colcon.colcon_core.package_identification:_identify(.) by extension 'colcon_pkg'
[0.141s] Level 1:colcon.colcon_core.package_identification:_identify(.) by extensions ['colcon_meta']
[0.141s] Level 1:colcon.colcon_core.package_identification:_identify(.) by extension 'colcon_meta'
[0.141s] Level 1:colcon.colcon_core.package_identification:_identify(.) by extensions ['ros']
[0.141s] Level 1:colcon.colcon_core.package_identification:_identify(.) by extension 'ros'
[0.166s] Level 1:colcon.colcon_core.package_identification:_identify(.) by extensions ['cmake', 'python']
[0.166s] Level 1:colcon.colcon_core.package_identification:_identify(.) by extension 'cmake'
[0.166s] Level 1:colcon.colcon_core.package_identification:_identify(.) by extension 'python'
[0.166s] Level 1:colcon.colcon_core.package_identification:_identify(.) by extensions ['python_setup_py']
[0.166s] Level 1:colcon.colcon_core.package_identification:_identify(.) by extension 'python_setup_py'
[0.166s] Level 1:colcon.colcon_core.package_identification:_identify(build) by extensions ['ignore', 'ignore_ament_install']
[0.167s] Level 1:colcon.colcon_core.package_identification:_identify(build) by extension 'ignore'
[0.167s] Level 1:colcon.colcon_core.package_identification:_identify(build) ignored
[0.167s] Level 1:colcon.colcon_core.package_identification:_identify(install) by extensions ['ignore', 'ignore_ament_install']
[0.167s] Level 1:colcon.colcon_core.package_identification:_identify(install) by extension 'ignore'
[0.167s] Level 1:colcon.colcon_core.package_identification:_identify(install) ignored
[0.167s] Level 1:colcon.colcon_core.package_identification:_identify(log) by extensions ['ignore', 'ignore_ament_install']
[0.167s] Level 1:colcon.colcon_core.package_identification:_identify(log) by extension 'ignore'
[0.167s] Level 1:colcon.colcon_core.package_identification:_identify(log) ignored
[0.167s] Level 1:colcon.colcon_core.package_identification:_identify(my_circle_pkg) by extensions ['ignore', 'ignore_ament_install']
[0.167s] Level 1:colcon.colcon_core.package_identification:_identify(my_circle_pkg) by extension 'ignore'
[0.167s] Level 1:colcon.colcon_core.package_identification:_identify(my_circle_pkg) by extension 'ignore_ament_install'
[0.167s] Level 1:colcon.colcon_core.package_identification:_identify(my_circle_pkg) by extensions ['colcon_pkg']
[0.167s] Level 1:colcon.colcon_core.package_identification:_identify(my_circle_pkg) by extension 'colcon_pkg'
[0.167s] Level 1:colcon.colcon_core.package_identification:_identify(my_circle_pkg) by extensions ['colcon_meta']
[0.167s] Level 1:colcon.colcon_core.package_identification:_identify(my_circle_pkg) by extension 'colcon_meta'
[0.167s] Level 1:colcon.colcon_core.package_identification:_identify(my_circle_pkg) by extensions ['ros']
[0.167s] Level 1:colcon.colcon_core.package_identification:_identify(my_circle_pkg) by extension 'ros'
[0.170s] DEBUG:colcon.colcon_core.package_identification:Package 'my_circle_pkg' with type 'ros.ament_cmake' and name 'my_circle_pkg'
[0.170s] Level 1:colcon.colcon_core.package_discovery:discover_packages(recursive) using defaults
[0.170s] Level 1:colcon.colcon_core.package_discovery:discover_packages(ignore) discover
[0.170s] Level 1:colcon.colcon_core.package_discovery:discover_packages(ignore) using defaults
[0.170s] Level 1:colcon.colcon_core.package_discovery:discover_packages(path) discover
[0.170s] Level 1:colcon.colcon_core.package_discovery:discover_packages(path) using defaults
[0.188s] Level 1:colcon.colcon_core.package_discovery:discover_packages(prefix_path) check parameters
[0.188s] Level 1:colcon.colcon_core.package_discovery:discover_packages(prefix_path) discover
[0.190s] DEBUG:colcon.colcon_installed_package_information.package_discovery:Found 1 installed packages in /home/johra-oishi/onboarding2_ws/install
[0.191s] DEBUG:colcon.colcon_installed_package_information.package_discovery:Found 1 installed packages in /home/johra-oishi/ros2_ws/install
[0.192s] DEBUG:colcon.colcon_installed_package_information.package_discovery:Found 290 installed packages in /opt/ros/kilted
[0.194s] Level 1:colcon.colcon_core.package_discovery:discover_packages(prefix_path) using defaults
[0.237s] Level 5:colcon.colcon_core.verb:set package 'my_circle_pkg' build argument 'cmake_args' from command line to 'None'
[0.237s] Level 5:colcon.colcon_core.verb:set package 'my_circle_pkg' build argument 'cmake_target' from command line to 'None'
[0.237s] Level 5:colcon.colcon_core.verb:set package 'my_circle_pkg' build argument 'cmake_target_skip_unavailable' from command line to 'False'
[0.237s] Level 5:colcon.colcon_core.verb:set package 'my_circle_pkg' build argument 'cmake_clean_cache' from command line to 'False'
[0.237s] Level 5:colcon.colcon_core.verb:set package 'my_circle_pkg' build argument 'cmake_clean_first' from command line to 'False'
[0.237s] Level 5:colcon.colcon_core.verb:set package 'my_circle_pkg' build argument 'cmake_force_configure' from command line to 'False'
[0.237s] Level 5:colcon.colcon_core.verb:set package 'my_circle_pkg' build argument 'ament_cmake_args' from command line to 'None'
[0.237s] Level 5:colcon.colcon_core.verb:set package 'my_circle_pkg' build argument 'catkin_cmake_args' from command line to 'None'
[0.237s] Level 5:colcon.colcon_core.verb:set package 'my_circle_pkg' build argument 'catkin_skip_building_tests' from command line to 'False'
[0.237s] DEBUG:colcon.colcon_core.verb:Building package 'my_circle_pkg' with the following arguments: {'ament_cmake_args': None, 'build_base': '/home/johra-oishi/onboarding2_ws/src/build/my_circle_pkg', 'catkin_cmake_args': None, 'catkin_skip_building_tests': False, 'cmake_args': None, 'cmake_clean_cache': False, 'cmake_clean_first': False, 'cmake_force_configure': False, 'cmake_target': None, 'cmake_target_skip_unavailable': False, 'install_base': '/home/johra-oishi/onboarding2_ws/src/install/my_circle_pkg', 'merge_install': False, 'path': '/home/johra-oishi/onboarding2_ws/src/my_circle_pkg', 'symlink_install': False, 'test_result_base': None}
[0.237s] INFO:colcon.colcon_core.executor:Executing jobs using 'parallel' executor
[0.238s] DEBUG:colcon.colcon_parallel_executor.executor.parallel:run_until_complete
[0.238s] INFO:colcon.colcon_ros.task.ament_cmake.build:Building ROS package in '/home/johra-oishi/onboarding2_ws/src/my_circle_pkg' with build type 'ament_cmake'
[0.238s] INFO:colcon.colcon_cmake.task.cmake.build:Building CMake package in '/home/johra-oishi/onboarding2_ws/src/my_circle_pkg'
[0.241s] INFO:colcon.colcon_core.plugin_system:Skipping extension 'colcon_core.shell.bat': Not used on non-Windows systems
[0.241s] INFO:colcon.colcon_core.shell:Skip shell extension 'powershell' for command environment: Not usable outside of PowerShell
[0.241s] DEBUG:colcon.colcon_core.shell:Skip shell extension 'dsv' for command environment
[0.248s] DEBUG:colcon.colcon_core.event_handler.log_command:Invoking command in '/home/johra-oishi/onboarding2_ws/src/build/my_circle_pkg': CMAKE_PREFIX_PATH=${CMAKE_PREFIX_PATH}:/home/johra-oishi/ros2_ws/install/my_robot_controller:/opt/ros/kilted DEBUGINFOD_URLS=https://debuginfod.ubuntu.com /usr/bin/cmake /home/johra-oishi/onboarding2_ws/src/my_circle_pkg -DCMAKE_INSTALL_PREFIX=/home/johra-oishi/onboarding2_ws/src/install/my_circle_pkg
[1.739s] DEBUG:colcon.colcon_core.event_handler.log_command:Invoked command in '/home/johra-oishi/onboarding2_ws/src/build/my_circle_pkg' returned '0': CMAKE_PREFIX_PATH=${CMAKE_PREFIX_PATH}:/home/johra-oishi/ros2_ws/install/my_robot_controller:/opt/ros/kilted DEBUGINFOD_URLS=https://debuginfod.ubuntu.com /usr/bin/cmake /home/johra-oishi/onboarding2_ws/src/my_circle_pkg -DCMAKE_INSTALL_PREFIX=/home/johra-oishi/onboarding2_ws/src/install/my_circle_pkg
[1.740s] DEBUG:colcon.colcon_core.event_handler.log_command:Invoking command in '/home/johra-oishi/onboarding2_ws/src/build/my_circle_pkg': CMAKE_PREFIX_PATH=${CMAKE_PREFIX_PATH}:/home/johra-oishi/ros2_ws/install/my_robot_controller:/opt/ros/kilted DEBUGINFOD_URLS=https://debuginfod.ubuntu.com /usr/bin/cmake --build /home/johra-oishi/onboarding2_ws/src/build/my_circle_pkg -- -j8 -l8
[6.601s] DEBUG:colcon.colcon_core.event_handler.log_command:Invoked command in '/home/johra-oishi/onboarding2_ws/src/build/my_circle_pkg' returned '0': CMAKE_PREFIX_PATH=${CMAKE_PREFIX_PATH}:/home/johra-oishi/ros2_ws/install/my_robot_controller:/opt/ros/kilted DEBUGINFOD_URLS=https://debuginfod.ubuntu.com /usr/bin/cmake --build /home/johra-oishi/onboarding2_ws/src/build/my_circle_pkg -- -j8 -l8
[6.611s] DEBUG:colcon.colcon_core.event_handler.log_command:Invoking command in '/home/johra-oishi/onboarding2_ws/src/build/my_circle_pkg': CMAKE_PREFIX_PATH=${CMAKE_PREFIX_PATH}:/home/johra-oishi/ros2_ws/install/my_robot_controller:/opt/ros/kilted DEBUGINFOD_URLS=https://debuginfod.ubuntu.com /usr/bin/cmake --install /home/johra-oishi/onboarding2_ws/src/build/my_circle_pkg
[6.629s] Level 1:colcon.colcon_core.environment:create_environment_scripts_only(my_circle_pkg)
[6.629s] DEBUG:colcon.colcon_core.event_handler.log_command:Invoked command in '/home/johra-oishi/onboarding2_ws/src/build/my_circle_pkg' returned '0': CMAKE_PREFIX_PATH=${CMAKE_PREFIX_PATH}:/home/johra-oishi/ros2_ws/install/my_robot_controller:/opt/ros/kilted DEBUGINFOD_URLS=https://debuginfod.ubuntu.com /usr/bin/cmake --install /home/johra-oishi/onboarding2_ws/src/build/my_circle_pkg
[6.632s] Level 1:colcon.colcon_core.environment:checking '/home/johra-oishi/onboarding2_ws/src/install/my_circle_pkg' for CMake module files
[6.633s] Level 1:colcon.colcon_core.environment:checking '/home/johra-oishi/onboarding2_ws/src/install/my_circle_pkg' for CMake config files
[6.633s] Level 1:colcon.colcon_core.shell:create_environment_hook('my_circle_pkg', 'cmake_prefix_path')
[6.634s] INFO:colcon.colcon_core.shell:Creating environment hook '/home/johra-oishi/onboarding2_ws/src/install/my_circle_pkg/share/my_circle_pkg/hook/cmake_prefix_path.ps1'
[6.635s] INFO:colcon.colcon_core.shell:Creating environment descriptor '/home/johra-oishi/onboarding2_ws/src/install/my_circle_pkg/share/my_circle_pkg/hook/cmake_prefix_path.dsv'
[6.635s] INFO:colcon.colcon_core.shell:Creating environment hook '/home/johra-oishi/onboarding2_ws/src/install/my_circle_pkg/share/my_circle_pkg/hook/cmake_prefix_path.sh'
[6.637s] Level 1:colcon.colcon_core.environment:checking '/home/johra-oishi/onboarding2_ws/src/install/my_circle_pkg/lib'
[6.637s] Level 1:colcon.colcon_core.environment:checking '/home/johra-oishi/onboarding2_ws/src/install/my_circle_pkg/bin'
[6.638s] Level 1:colcon.colcon_core.environment:checking '/home/johra-oishi/onboarding2_ws/src/install/my_circle_pkg/lib/pkgconfig/my_circle_pkg.pc'
[6.638s] Level 1:colcon.colcon_core.environment:checking '/home/johra-oishi/onboarding2_ws/src/install/my_circle_pkg/lib/python3.12/site-packages'
[6.639s] Level 1:colcon.colcon_core.environment:checking '/home/johra-oishi/onboarding2_ws/src/install/my_circle_pkg/bin'
[6.639s] INFO:colcon.colcon_core.shell:Creating package script '/home/johra-oishi/onboarding2_ws/src/install/my_circle_pkg/share/my_circle_pkg/package.ps1'
[6.641s] INFO:colcon.colcon_core.shell:Creating package descriptor '/home/johra-oishi/onboarding2_ws/src/install/my_circle_pkg/share/my_circle_pkg/package.dsv'
[6.642s] INFO:colcon.colcon_core.shell:Creating package script '/home/johra-oishi/onboarding2_ws/src/install/my_circle_pkg/share/my_circle_pkg/package.sh'
[6.643s] INFO:colcon.colcon_core.shell:Creating package script '/home/johra-oishi/onboarding2_ws/src/install/my_circle_pkg/share/my_circle_pkg/package.bash'
[6.645s] INFO:colcon.colcon_core.shell:Creating package script '/home/johra-oishi/onboarding2_ws/src/install/my_circle_pkg/share/my_circle_pkg/package.zsh'
[6.646s] Level 1:colcon.colcon_core.environment:create_file_with_runtime_dependencies(/home/johra-oishi/onboarding2_ws/src/install/my_circle_pkg/share/colcon-core/packages/my_circle_pkg)
[6.647s] Level 1:colcon.colcon_core.environment:create_environment_scripts_only(my_circle_pkg)
[6.648s] Level 1:colcon.colcon_core.environment:checking '/home/johra-oishi/onboarding2_ws/src/install/my_circle_pkg' for CMake module files
[6.649s] Level 1:colcon.colcon_core.environment:checking '/home/johra-oishi/onboarding2_ws/src/install/my_circle_pkg' for CMake config files
[6.649s] Level 1:colcon.colcon_core.shell:create_environment_hook('my_circle_pkg', 'cmake_prefix_path')
[6.649s] INFO:colcon.colcon_core.shell:Creating environment hook '/home/johra-oishi/onboarding2_ws/src/install/my_circle_pkg/share/my_circle_pkg/hook/cmake_prefix_path.ps1'
[6.650s] INFO:colcon.colcon_core.shell:Creating environment descriptor '/home/johra-oishi/onboarding2_ws/src/install/my_circle_pkg/share/my_circle_pkg/hook/cmake_prefix_path.dsv'
[6.650s] INFO:colcon.colcon_core.shell:Creating environment hook '/home/johra-oishi/onboarding2_ws/src/install/my_circle_pkg/share/my_circle_pkg/hook/cmake_prefix_path.sh'
[6.651s] Level 1:colcon.colcon_core.environment:checking '/home/johra-oishi/onboarding2_ws/src/install/my_circle_pkg/lib'
[6.652s] Level 1:colcon.colcon_core.environment:checking '/home/johra-oishi/onboarding2_ws/src/install/my_circle_pkg/bin'
[6.652s] Level 1:colcon.colcon_core.environment:checking '/home/johra-oishi/onboarding2_ws/src/install/my_circle_pkg/lib/pkgconfig/my_circle_pkg.pc'
[6.652s] Level 1:colcon.colcon_core.environment:checking '/home/johra-oishi/onboarding2_ws/src/install/my_circle_pkg/lib/python3.12/site-packages'
[6.653s] Level 1:colcon.colcon_core.environment:checking '/home/johra-oishi/onboarding2_ws/src/install/my_circle_pkg/bin'
[6.653s] INFO:colcon.colcon_core.shell:Creating package script '/home/johra-oishi/onboarding2_ws/src/install/my_circle_pkg/share/my_circle_pkg/package.ps1'
[6.654s] INFO:colcon.colcon_core.shell:Creating package descriptor '/home/johra-oishi/onboarding2_ws/src/install/my_circle_pkg/share/my_circle_pkg/package.dsv'
[6.655s] INFO:colcon.colcon_core.shell:Creating package script '/home/johra-oishi/onboarding2_ws/src/install/my_circle_pkg/share/my_circle_pkg/package.sh'
[6.655s] INFO:colcon.colcon_core.shell:Creating package script '/home/johra-oishi/onboarding2_ws/src/install/my_circle_pkg/share/my_circle_pkg/package.bash'
[6.656s] INFO:colcon.colcon_core.shell:Creating package script '/home/johra-oishi/onboarding2_ws/src/install/my_circle_pkg/share/my_circle_pkg/package.zsh'
[6.657s] Level 1:colcon.colcon_core.environment:create_file_with_runtime_dependencies(/home/johra-oishi/onboarding2_ws/src/install/my_circle_pkg/share/colcon-core/packages/my_circle_pkg)
[6.657s] DEBUG:colcon.colcon_parallel_executor.executor.parallel:closing loop
[6.657s] DEBUG:colcon.colcon_parallel_executor.executor.parallel:loop closed
[6.657s] DEBUG:colcon.colcon_parallel_executor.executor.parallel:run_until_complete finished with '0'
[6.657s] DEBUG:colcon.colcon_core.event_reactor:joining thread
[6.665s] INFO:colcon.colcon_core.plugin_system:Skipping extension 'colcon_notification.desktop_notification.terminal_notifier': Not used on non-Darwin systems
[6.666s] INFO:colcon.colcon_core.plugin_system:Skipping extension 'colcon_notification.desktop_notification.win32': Not used on non-Windows systems
[6.666s] INFO:colcon.colcon_notification.desktop_notification:Sending desktop notification using 'notify2'
[6.693s] DEBUG:colcon.colcon_core.event_reactor:joined thread
[6.693s] INFO:colcon.colcon_core.shell:Creating prefix script '/home/johra-oishi/onboarding2_ws/src/install/local_setup.ps1'
[6.696s] INFO:colcon.colcon_core.shell:Creating prefix util module '/home/johra-oishi/onboarding2_ws/src/install/_local_setup_util_ps1.py'
[6.700s] INFO:colcon.colcon_core.shell:Creating prefix chain script '/home/johra-oishi/onboarding2_ws/src/install/setup.ps1'
[6.703s] INFO:colcon.colcon_core.shell:Creating prefix script '/home/johra-oishi/onboarding2_ws/src/install/local_setup.sh'
[6.705s] INFO:colcon.colcon_core.shell:Creating prefix util module '/home/johra-oishi/onboarding2_ws/src/install/_local_setup_util_sh.py'
[6.707s] INFO:colcon.colcon_core.shell:Creating prefix chain script '/home/johra-oishi/onboarding2_ws/src/install/setup.sh'
[6.710s] INFO:colcon.colcon_core.shell:Creating prefix script '/home/johra-oishi/onboarding2_ws/src/install/local_setup.bash'
[6.711s] INFO:colcon.colcon_core.shell:Creating prefix chain script '/home/johra-oishi/onboarding2_ws/src/install/setup.bash'
[6.715s] INFO:colcon.colcon_core.shell:Creating prefix script '/home/johra-oishi/onboarding2_ws/src/install/local_setup.zsh'
[6.717s] INFO:colcon.colcon_core.shell:Creating prefix chain script '/home/johra-oishi/onboarding2_ws/src/install/setup.zsh'
