[0.205s] DEBUG:colcon:Command line arguments: ['/usr/bin/colcon', 'build']
[0.205s] DEBUG:colcon:Parsed command line arguments: Namespace(log_base=None, log_level=None, verb_name='build', build_base='build', install_base='install', merge_install=False, symlink_install=False, test_result_base=None, continue_on_error=False, executor='parallel', parallel_workers=8, event_handlers=None, ignore_user_meta=False, metas=['./colcon.meta'], base_paths=['.'], packages_ignore=None, packages_ignore_regex=None, paths=None, packages_up_to=None, packages_up_to_regex=None, packages_above=None, packages_above_and_dependencies=None, packages_above_depth=None, packages_select_by_dep=None, packages_skip_by_dep=None, packages_skip_up_to=None, packages_select_build_failed=False, packages_skip_build_finished=False, packages_select_test_failures=False, packages_skip_test_passed=False, packages_select=None, packages_skip=None, packages_select_regex=None, packages_skip_regex=None, packages_start=None, packages_end=None, allow_overriding=[], cmake_args=None, cmake_target=None, cmake_target_skip_unavailable=False, cmake_clean_cache=False, cmake_clean_first=False, cmake_force_configure=False, ament_cmake_args=None, catkin_cmake_args=None, catkin_skip_building_tests=False, mixin_files=None, mixin=None, verb_parser=<colcon_mixin.mixin.mixin_argument.MixinArgumentDecorator object at 0x72971e22cc50>, verb_extension=<colcon_core.verb.build.BuildVerb object at 0x72971e3b87d0>, main=<bound method BuildVerb.main of <colcon_core.verb.build.BuildVerb object at 0x72971e3b87d0>>, mixin_verb=('build',))
[0.308s] Level 1:colcon.colcon_core.package_discovery:discover_packages(colcon_meta) check parameters
[0.309s] Level 1:colcon.colcon_core.package_discovery:discover_packages(recursive) check parameters
[0.309s] Level 1:colcon.colcon_core.package_discovery:discover_packages(ignore) check parameters
[0.309s] Level 1:colcon.colcon_core.package_discovery:discover_packages(path) check parameters
[0.309s] Level 1:colcon.colcon_core.package_discovery:discover_packages(colcon_meta) discover
[0.309s] Level 1:colcon.colcon_core.package_discovery:discover_packages(recursive) discover
[0.309s] INFO:colcon.colcon_core.package_discovery:Crawling recursively for packages in '/home/johra-oishi/onboarding2_ws'
[0.309s] Level 1:colcon.colcon_core.package_identification:_identify(.) by extensions ['ignore', 'ignore_ament_install']
[0.309s] Level 1:colcon.colcon_core.package_identification:_identify(.) by extension 'ignore'
[0.309s] Level 1:colcon.colcon_core.package_identification:_identify(.) by extension 'ignore_ament_install'
[0.309s] Level 1:colcon.colcon_core.package_identification:_identify(.) by extensions ['colcon_pkg']
[0.310s] Level 1:colcon.colcon_core.package_identification:_identify(.) by extension 'colcon_pkg'
[0.310s] Level 1:colcon.colcon_core.package_identification:_identify(.) by extensions ['colcon_meta']
[0.310s] Level 1:colcon.colcon_core.package_identification:_identify(.) by extension 'colcon_meta'
[0.310s] Level 1:colcon.colcon_core.package_identification:_identify(.) by extensions ['ros']
[0.310s] Level 1:colcon.colcon_core.package_identification:_identify(.) by extension 'ros'
[0.346s] Level 1:colcon.colcon_core.package_identification:_identify(.) by extensions ['cmake', 'python']
[0.346s] Level 1:colcon.colcon_core.package_identification:_identify(.) by extension 'cmake'
[0.346s] Level 1:colcon.colcon_core.package_identification:_identify(.) by extension 'python'
[0.346s] Level 1:colcon.colcon_core.package_identification:_identify(.) by extensions ['python_setup_py']
[0.346s] Level 1:colcon.colcon_core.package_identification:_identify(.) by extension 'python_setup_py'
[0.346s] Level 1:colcon.colcon_core.package_identification:_identify(build) by extensions ['ignore', 'ignore_ament_install']
[0.346s] Level 1:colcon.colcon_core.package_identification:_identify(build) by extension 'ignore'
[0.346s] Level 1:colcon.colcon_core.package_identification:_identify(build) ignored
[0.347s] Level 1:colcon.colcon_core.package_identification:_identify(install) by extensions ['ignore', 'ignore_ament_install']
[0.347s] Level 1:colcon.colcon_core.package_identification:_identify(install) by extension 'ignore'
[0.347s] Level 1:colcon.colcon_core.package_identification:_identify(install) ignored
[0.347s] Level 1:colcon.colcon_core.package_identification:_identify(log) by extensions ['ignore', 'ignore_ament_install']
[0.347s] Level 1:colcon.colcon_core.package_identification:_identify(log) by extension 'ignore'
[0.347s] Level 1:colcon.colcon_core.package_identification:_identify(log) ignored
[0.347s] Level 1:colcon.colcon_core.package_identification:_identify(src) by extensions ['ignore', 'ignore_ament_install']
[0.347s] Level 1:colcon.colcon_core.package_identification:_identify(src) by extension 'ignore'
[0.347s] Level 1:colcon.colcon_core.package_identification:_identify(src) by extension 'ignore_ament_install'
[0.347s] Level 1:colcon.colcon_core.package_identification:_identify(src) by extensions ['colcon_pkg']
[0.347s] Level 1:colcon.colcon_core.package_identification:_identify(src) by extension 'colcon_pkg'
[0.347s] Level 1:colcon.colcon_core.package_identification:_identify(src) by extensions ['colcon_meta']
[0.347s] Level 1:colcon.colcon_core.package_identification:_identify(src) by extension 'colcon_meta'
[0.347s] Level 1:colcon.colcon_core.package_identification:_identify(src) by extensions ['ros']
[0.347s] Level 1:colcon.colcon_core.package_identification:_identify(src) by extension 'ros'
[0.347s] Level 1:colcon.colcon_core.package_identification:_identify(src) by extensions ['cmake', 'python']
[0.347s] Level 1:colcon.colcon_core.package_identification:_identify(src) by extension 'cmake'
[0.347s] Level 1:colcon.colcon_core.package_identification:_identify(src) by extension 'python'
[0.347s] Level 1:colcon.colcon_core.package_identification:_identify(src) by extensions ['python_setup_py']
[0.347s] Level 1:colcon.colcon_core.package_identification:_identify(src) by extension 'python_setup_py'
[0.347s] Level 1:colcon.colcon_core.package_identification:_identify(src/build) by extensions ['ignore', 'ignore_ament_install']
[0.348s] Level 1:colcon.colcon_core.package_identification:_identify(src/build) by extension 'ignore'
[0.348s] Level 1:colcon.colcon_core.package_identification:_identify(src/build) ignored
[0.348s] Level 1:colcon.colcon_core.package_identification:_identify(src/install) by extensions ['ignore', 'ignore_ament_install']
[0.348s] Level 1:colcon.colcon_core.package_identification:_identify(src/install) by extension 'ignore'
[0.348s] Level 1:colcon.colcon_core.package_identification:_identify(src/install) ignored
[0.348s] Level 1:colcon.colcon_core.package_identification:_identify(src/log) by extensions ['ignore', 'ignore_ament_install']
[0.348s] Level 1:colcon.colcon_core.package_identification:_identify(src/log) by extension 'ignore'
[0.348s] Level 1:colcon.colcon_core.package_identification:_identify(src/log) ignored
[0.348s] Level 1:colcon.colcon_core.package_identification:_identify(src/my_circle_pkg) by extensions ['ignore', 'ignore_ament_install']
[0.348s] Level 1:colcon.colcon_core.package_identification:_identify(src/my_circle_pkg) by extension 'ignore'
[0.348s] Level 1:colcon.colcon_core.package_identification:_identify(src/my_circle_pkg) by extension 'ignore_ament_install'
[0.348s] Level 1:colcon.colcon_core.package_identification:_identify(src/my_circle_pkg) by extensions ['colcon_pkg']
[0.348s] Level 1:colcon.colcon_core.package_identification:_identify(src/my_circle_pkg) by extension 'colcon_pkg'
[0.348s] Level 1:colcon.colcon_core.package_identification:_identify(src/my_circle_pkg) by extensions ['colcon_meta']
[0.348s] Level 1:colcon.colcon_core.package_identification:_identify(src/my_circle_pkg) by extension 'colcon_meta'
[0.348s] Level 1:colcon.colcon_core.package_identification:_identify(src/my_circle_pkg) by extensions ['ros']
[0.348s] Level 1:colcon.colcon_core.package_identification:_identify(src/my_circle_pkg) by extension 'ros'
[0.352s] DEBUG:colcon.colcon_core.package_identification:Package 'src/my_circle_pkg' with type 'ros.ament_cmake' and name 'my_circle_pkg'
[0.352s] Level 1:colcon.colcon_core.package_discovery:discover_packages(recursive) using defaults
[0.352s] Level 1:colcon.colcon_core.package_discovery:discover_packages(ignore) discover
[0.352s] Level 1:colcon.colcon_core.package_discovery:discover_packages(ignore) using defaults
[0.352s] Level 1:colcon.colcon_core.package_discovery:discover_packages(path) discover
[0.352s] Level 1:colcon.colcon_core.package_discovery:discover_packages(path) using defaults
[0.376s] Level 1:colcon.colcon_core.package_discovery:discover_packages(prefix_path) check parameters
[0.376s] Level 1:colcon.colcon_core.package_discovery:discover_packages(prefix_path) discover
[0.380s] DEBUG:colcon.colcon_installed_package_information.package_discovery:Found 1 installed packages in /home/johra-oishi/onboarding_ws/install
[0.380s] DEBUG:colcon.colcon_installed_package_information.package_discovery:Found 1 installed packages in /home/johra-oishi/ros2_ws/install
[0.381s] DEBUG:colcon.colcon_installed_package_information.package_discovery:Found 290 installed packages in /opt/ros/kilted
[0.383s] Level 1:colcon.colcon_core.package_discovery:discover_packages(prefix_path) using defaults
[0.422s] Level 5:colcon.colcon_core.verb:set package 'my_circle_pkg' build argument 'cmake_args' from command line to 'None'
[0.422s] Level 5:colcon.colcon_core.verb:set package 'my_circle_pkg' build argument 'cmake_target' from command line to 'None'
[0.422s] Level 5:colcon.colcon_core.verb:set package 'my_circle_pkg' build argument 'cmake_target_skip_unavailable' from command line to 'False'
[0.423s] Level 5:colcon.colcon_core.verb:set package 'my_circle_pkg' build argument 'cmake_clean_cache' from command line to 'False'
[0.423s] Level 5:colcon.colcon_core.verb:set package 'my_circle_pkg' build argument 'cmake_clean_first' from command line to 'False'
[0.423s] Level 5:colcon.colcon_core.verb:set package 'my_circle_pkg' build argument 'cmake_force_configure' from command line to 'False'
[0.423s] Level 5:colcon.colcon_core.verb:set package 'my_circle_pkg' build argument 'ament_cmake_args' from command line to 'None'
[0.423s] Level 5:colcon.colcon_core.verb:set package 'my_circle_pkg' build argument 'catkin_cmake_args' from command line to 'None'
[0.423s] Level 5:colcon.colcon_core.verb:set package 'my_circle_pkg' build argument 'catkin_skip_building_tests' from command line to 'False'
[0.423s] DEBUG:colcon.colcon_core.verb:Building package 'my_circle_pkg' with the following arguments: {'ament_cmake_args': None, 'build_base': '/home/johra-oishi/onboarding2_ws/build/my_circle_pkg', 'catkin_cmake_args': None, 'catkin_skip_building_tests': False, 'cmake_args': None, 'cmake_clean_cache': False, 'cmake_clean_first': False, 'cmake_force_configure': False, 'cmake_target': None, 'cmake_target_skip_unavailable': False, 'install_base': '/home/johra-oishi/onboarding2_ws/install/my_circle_pkg', 'merge_install': False, 'path': '/home/johra-oishi/onboarding2_ws/src/my_circle_pkg', 'symlink_install': False, 'test_result_base': None}
[0.423s] INFO:colcon.colcon_core.executor:Executing jobs using 'parallel' executor
[0.424s] DEBUG:colcon.colcon_parallel_executor.executor.parallel:run_until_complete
[0.424s] INFO:colcon.colcon_ros.task.ament_cmake.build:Building ROS package in '/home/johra-oishi/onboarding2_ws/src/my_circle_pkg' with build type 'ament_cmake'
[0.424s] INFO:colcon.colcon_cmake.task.cmake.build:Building CMake package in '/home/johra-oishi/onboarding2_ws/src/my_circle_pkg'
[0.429s] INFO:colcon.colcon_core.plugin_system:Skipping extension 'colcon_core.shell.bat': Not used on non-Windows systems
[0.429s] INFO:colcon.colcon_core.shell:Skip shell extension 'powershell' for command environment: Not usable outside of PowerShell
[0.429s] DEBUG:colcon.colcon_core.shell:Skip shell extension 'dsv' for command environment
[0.437s] DEBUG:colcon.colcon_core.event_handler.log_command:Invoking command in '/home/johra-oishi/onboarding2_ws/build/my_circle_pkg': CMAKE_PREFIX_PATH=${CMAKE_PREFIX_PATH}:/home/johra-oishi/ros2_ws/install/my_robot_controller:/opt/ros/kilted DEBUGINFOD_URLS=https://debuginfod.ubuntu.com /usr/bin/cmake --build /home/johra-oishi/onboarding2_ws/build/my_circle_pkg -- -j8 -l8
[0.540s] DEBUG:colcon.colcon_core.event_handler.log_command:Invoked command in '/home/johra-oishi/onboarding2_ws/build/my_circle_pkg' returned '0': CMAKE_PREFIX_PATH=${CMAKE_PREFIX_PATH}:/home/johra-oishi/ros2_ws/install/my_robot_controller:/opt/ros/kilted DEBUGINFOD_URLS=https://debuginfod.ubuntu.com /usr/bin/cmake --build /home/johra-oishi/onboarding2_ws/build/my_circle_pkg -- -j8 -l8
[0.559s] DEBUG:colcon.colcon_core.event_handler.log_command:Invoking command in '/home/johra-oishi/onboarding2_ws/build/my_circle_pkg': CMAKE_PREFIX_PATH=${CMAKE_PREFIX_PATH}:/home/johra-oishi/ros2_ws/install/my_robot_controller:/opt/ros/kilted DEBUGINFOD_URLS=https://debuginfod.ubuntu.com /usr/bin/cmake --install /home/johra-oishi/onboarding2_ws/build/my_circle_pkg
[0.580s] Level 1:colcon.colcon_core.environment:create_environment_scripts_only(my_circle_pkg)
[0.580s] DEBUG:colcon.colcon_core.event_handler.log_command:Invoked command in '/home/johra-oishi/onboarding2_ws/build/my_circle_pkg' returned '0': CMAKE_PREFIX_PATH=${CMAKE_PREFIX_PATH}:/home/johra-oishi/ros2_ws/install/my_robot_controller:/opt/ros/kilted DEBUGINFOD_URLS=https://debuginfod.ubuntu.com /usr/bin/cmake --install /home/johra-oishi/onboarding2_ws/build/my_circle_pkg
[0.588s] Level 1:colcon.colcon_core.environment:checking '/home/johra-oishi/onboarding2_ws/install/my_circle_pkg' for CMake module files
[0.589s] Level 1:colcon.colcon_core.environment:checking '/home/johra-oishi/onboarding2_ws/install/my_circle_pkg' for CMake config files
[0.590s] Level 1:colcon.colcon_core.shell:create_environment_hook('my_circle_pkg', 'cmake_prefix_path')
[0.590s] INFO:colcon.colcon_core.shell:Creating environment hook '/home/johra-oishi/onboarding2_ws/install/my_circle_pkg/share/my_circle_pkg/hook/cmake_prefix_path.ps1'
[0.591s] INFO:colcon.colcon_core.shell:Creating environment descriptor '/home/johra-oishi/onboarding2_ws/install/my_circle_pkg/share/my_circle_pkg/hook/cmake_prefix_path.dsv'
[0.592s] INFO:colcon.colcon_core.shell:Creating environment hook '/home/johra-oishi/onboarding2_ws/install/my_circle_pkg/share/my_circle_pkg/hook/cmake_prefix_path.sh'
[0.594s] Level 1:colcon.colcon_core.environment:checking '/home/johra-oishi/onboarding2_ws/install/my_circle_pkg/lib'
[0.595s] Level 1:colcon.colcon_core.environment:checking '/home/johra-oishi/onboarding2_ws/install/my_circle_pkg/bin'
[0.595s] Level 1:colcon.colcon_core.environment:checking '/home/johra-oishi/onboarding2_ws/install/my_circle_pkg/lib/pkgconfig/my_circle_pkg.pc'
[0.595s] Level 1:colcon.colcon_core.environment:checking '/home/johra-oishi/onboarding2_ws/install/my_circle_pkg/lib/python3.12/site-packages'
[0.596s] Level 1:colcon.colcon_core.environment:checking '/home/johra-oishi/onboarding2_ws/install/my_circle_pkg/bin'
[0.596s] INFO:colcon.colcon_core.shell:Creating package script '/home/johra-oishi/onboarding2_ws/install/my_circle_pkg/share/my_circle_pkg/package.ps1'
[0.598s] INFO:colcon.colcon_core.shell:Creating package descriptor '/home/johra-oishi/onboarding2_ws/install/my_circle_pkg/share/my_circle_pkg/package.dsv'
[0.599s] INFO:colcon.colcon_core.shell:Creating package script '/home/johra-oishi/onboarding2_ws/install/my_circle_pkg/share/my_circle_pkg/package.sh'
[0.600s] INFO:colcon.colcon_core.shell:Creating package script '/home/johra-oishi/onboarding2_ws/install/my_circle_pkg/share/my_circle_pkg/package.bash'
[0.601s] INFO:colcon.colcon_core.shell:Creating package script '/home/johra-oishi/onboarding2_ws/install/my_circle_pkg/share/my_circle_pkg/package.zsh'
[0.603s] Level 1:colcon.colcon_core.environment:create_file_with_runtime_dependencies(/home/johra-oishi/onboarding2_ws/install/my_circle_pkg/share/colcon-core/packages/my_circle_pkg)
[0.604s] Level 1:colcon.colcon_core.environment:create_environment_scripts_only(my_circle_pkg)
[0.604s] Level 1:colcon.colcon_core.environment:checking '/home/johra-oishi/onboarding2_ws/install/my_circle_pkg' for CMake module files
[0.605s] Level 1:colcon.colcon_core.environment:checking '/home/johra-oishi/onboarding2_ws/install/my_circle_pkg' for CMake config files
[0.605s] Level 1:colcon.colcon_core.shell:create_environment_hook('my_circle_pkg', 'cmake_prefix_path')
[0.605s] INFO:colcon.colcon_core.shell:Creating environment hook '/home/johra-oishi/onboarding2_ws/install/my_circle_pkg/share/my_circle_pkg/hook/cmake_prefix_path.ps1'
[0.606s] INFO:colcon.colcon_core.shell:Creating environment descriptor '/home/johra-oishi/onboarding2_ws/install/my_circle_pkg/share/my_circle_pkg/hook/cmake_prefix_path.dsv'
[0.606s] INFO:colcon.colcon_core.shell:Creating environment hook '/home/johra-oishi/onboarding2_ws/install/my_circle_pkg/share/my_circle_pkg/hook/cmake_prefix_path.sh'
[0.607s] Level 1:colcon.colcon_core.environment:checking '/home/johra-oishi/onboarding2_ws/install/my_circle_pkg/lib'
[0.608s] Level 1:colcon.colcon_core.environment:checking '/home/johra-oishi/onboarding2_ws/install/my_circle_pkg/bin'
[0.608s] Level 1:colcon.colcon_core.environment:checking '/home/johra-oishi/onboarding2_ws/install/my_circle_pkg/lib/pkgconfig/my_circle_pkg.pc'
[0.608s] Level 1:colcon.colcon_core.environment:checking '/home/johra-oishi/onboarding2_ws/install/my_circle_pkg/lib/python3.12/site-packages'
[0.609s] Level 1:colcon.colcon_core.environment:checking '/home/johra-oishi/onboarding2_ws/install/my_circle_pkg/bin'
[0.609s] INFO:colcon.colcon_core.shell:Creating package script '/home/johra-oishi/onboarding2_ws/install/my_circle_pkg/share/my_circle_pkg/package.ps1'
[0.610s] INFO:colcon.colcon_core.shell:Creating package descriptor '/home/johra-oishi/onboarding2_ws/install/my_circle_pkg/share/my_circle_pkg/package.dsv'
[0.611s] INFO:colcon.colcon_core.shell:Creating package script '/home/johra-oishi/onboarding2_ws/install/my_circle_pkg/share/my_circle_pkg/package.sh'
[0.611s] INFO:colcon.colcon_core.shell:Creating package script '/home/johra-oishi/onboarding2_ws/install/my_circle_pkg/share/my_circle_pkg/package.bash'
[0.612s] INFO:colcon.colcon_core.shell:Creating package script '/home/johra-oishi/onboarding2_ws/install/my_circle_pkg/share/my_circle_pkg/package.zsh'
[0.612s] Level 1:colcon.colcon_core.environment:create_file_with_runtime_dependencies(/home/johra-oishi/onboarding2_ws/install/my_circle_pkg/share/colcon-core/packages/my_circle_pkg)
[0.613s] DEBUG:colcon.colcon_parallel_executor.executor.parallel:closing loop
[0.613s] DEBUG:colcon.colcon_parallel_executor.executor.parallel:loop closed
[0.614s] DEBUG:colcon.colcon_parallel_executor.executor.parallel:run_until_complete finished with '0'
[0.614s] DEBUG:colcon.colcon_core.event_reactor:joining thread
[0.628s] INFO:colcon.colcon_core.plugin_system:Skipping extension 'colcon_notification.desktop_notification.terminal_notifier': Not used on non-Darwin systems
[0.628s] INFO:colcon.colcon_core.plugin_system:Skipping extension 'colcon_notification.desktop_notification.win32': Not used on non-Windows systems
[0.629s] INFO:colcon.colcon_notification.desktop_notification:Sending desktop notification using 'notify2'
[0.656s] DEBUG:colcon.colcon_core.event_reactor:joined thread
[0.656s] INFO:colcon.colcon_core.shell:Creating prefix script '/home/johra-oishi/onboarding2_ws/install/local_setup.ps1'
[0.658s] INFO:colcon.colcon_core.shell:Creating prefix util module '/home/johra-oishi/onboarding2_ws/install/_local_setup_util_ps1.py'
[0.660s] INFO:colcon.colcon_core.shell:Creating prefix chain script '/home/johra-oishi/onboarding2_ws/install/setup.ps1'
[0.662s] INFO:colcon.colcon_core.shell:Creating prefix script '/home/johra-oishi/onboarding2_ws/install/local_setup.sh'
[0.664s] INFO:colcon.colcon_core.shell:Creating prefix util module '/home/johra-oishi/onboarding2_ws/install/_local_setup_util_sh.py'
[0.665s] INFO:colcon.colcon_core.shell:Creating prefix chain script '/home/johra-oishi/onboarding2_ws/install/setup.sh'
[0.667s] INFO:colcon.colcon_core.shell:Creating prefix script '/home/johra-oishi/onboarding2_ws/install/local_setup.bash'
[0.668s] INFO:colcon.colcon_core.shell:Creating prefix chain script '/home/johra-oishi/onboarding2_ws/install/setup.bash'
[0.670s] INFO:colcon.colcon_core.shell:Creating prefix script '/home/johra-oishi/onboarding2_ws/install/local_setup.zsh'
[0.671s] INFO:colcon.colcon_core.shell:Creating prefix chain script '/home/johra-oishi/onboarding2_ws/install/setup.zsh'
