[0.012s] Invoking command in '/home/johra-oishi/onboarding2_ws/build/my_circle_pkg': CMAKE_PREFIX_PATH=${CMAKE_PREFIX_PATH}:/home/johra-oishi/ros2_ws/install/my_robot_controller:/opt/ros/kilted DEBUGINFOD_URLS=https://debuginfod.ubuntu.com /usr/bin/cmake --build /home/johra-oishi/onboarding2_ws/build/my_circle_pkg -- -j8 -l8
[0.103s] [ 50%] [32mBuilding CXX object CMakeFiles/circle_node.dir/src/circle_node.cpp.o[0m
[2.409s] [01m[K/home/johra-oishi/onboarding2_ws/src/my_circle_pkg/src/circle_node.cpp:[m[K In member function ‘[01m[Kvoid CircleNode::[01;32m[Kpublish_cmd[m[K()[m[K’:
[2.410s] [01m[K/home/johra-oishi/onboarding2_ws/src/my_circle_pkg/src/circle_node.cpp:28:17:[m[K [01;31m[Kerror: [m[K‘[01m[Kgeometry[m[K’ has not been declared
[2.410s]    28 |                 [01;31m[Kgeometry[m[K::msgs::msg::Twist msg;
[2.410s]       |                 [01;31m[K^~~~~~~~[m[K
[2.410s] [01m[K/home/johra-oishi/onboarding2_ws/src/my_circle_pkg/src/circle_node.cpp:29:17:[m[K [01;31m[Kerror: [m[K‘[01m[Kmsg[m[K’ was not declared in this scope
[2.410s]    29 |                 [01;31m[Kmsg[m[K.linear.x = velocity;
[2.410s]       |                 [01;31m[K^~~[m[K
[2.411s] [01m[K/home/johra-oishi/onboarding2_ws/src/my_circle_pkg/src/circle_node.cpp:29:17:[m[K [01;36m[Knote: [m[Ksuggested alternatives:
[2.411s] In file included from [01m[K/opt/ros/kilted/include/rcl_interfaces/rcl_interfaces/srv/detail/list_parameters__struct.hpp:156[m[K,
[2.411s]                  from [01m[K/opt/ros/kilted/include/rcl_interfaces/rcl_interfaces/srv/list_parameters.hpp:7[m[K,
[2.411s]                  from [01m[K/opt/ros/kilted/include/rclcpp/rclcpp/copy_all_parameter_values.hpp:21[m[K,
[2.411s]                  from [01m[K/opt/ros/kilted/include/rclcpp/rclcpp/rclcpp.hpp:171[m[K,
[2.412s]                  from [01m[K/home/johra-oishi/onboarding2_ws/src/my_circle_pkg/src/circle_node.cpp:1[m[K:
[2.412s] [01m[K/opt/ros/kilted/include/rcl_interfaces/rcl_interfaces/msg/detail/list_parameters_result__struct.hpp:30:11:[m[K [01;36m[Knote: [m[K  ‘[01m[Krcl_interfaces::msg[m[K’
[2.412s]    30 | namespace [01;36m[Kmsg[m[K
[2.412s]       |           [01;36m[K^~~[m[K
[2.412s] In file included from [01m[K/opt/ros/kilted/include/service_msgs/service_msgs/msg/detail/service_event_info__struct.hpp:23[m[K,
[2.412s]                  from [01m[K/opt/ros/kilted/include/rcl_interfaces/rcl_interfaces/srv/detail/list_parameters__struct.hpp:267[m[K:
[2.412s] [01m[K/opt/ros/kilted/include/builtin_interfaces/builtin_interfaces/msg/detail/time__struct.hpp:30:11:[m[K [01;36m[Knote: [m[K  ‘[01m[Kbuiltin_interfaces::msg[m[K’
[2.412s]    30 | namespace [01;36m[Kmsg[m[K
[2.412s]       |           [01;36m[K^~~[m[K
[2.412s] [01m[K/opt/ros/kilted/include/service_msgs/service_msgs/msg/detail/service_event_info__struct.hpp:34:11:[m[K [01;36m[Knote: [m[K  ‘[01m[Kservice_msgs::msg[m[K’
[2.412s]    34 | namespace [01;36m[Kmsg[m[K
[2.412s]       |           [01;36m[K^~~[m[K
[2.412s] In file included from [01m[K/opt/ros/kilted/include/statistics_msgs/statistics_msgs/msg/detail/metrics_message__struct.hpp:26[m[K,
[2.412s]                  from [01m[K/opt/ros/kilted/include/statistics_msgs/statistics_msgs/msg/metrics_message.hpp:7[m[K,
[2.412s]                  from [01m[K/opt/ros/kilted/include/libstatistics_collector/libstatistics_collector/collector/generate_statistics_message.hpp:21[m[K,
[2.413s]                  from [01m[K/opt/ros/kilted/include/rclcpp/rclcpp/topic_statistics/subscription_topic_statistics.hpp:23[m[K,
[2.413s]                  from [01m[K/opt/ros/kilted/include/rclcpp/rclcpp/subscription.hpp:50[m[K,
[2.413s]                  from [01m[K/opt/ros/kilted/include/rclcpp/rclcpp/any_executable.hpp:25[m[K,
[2.413s]                  from [01m[K/opt/ros/kilted/include/rclcpp/rclcpp/memory_strategy.hpp:25[m[K,
[2.413s]                  from [01m[K/opt/ros/kilted/include/rclcpp/rclcpp/memory_strategies.hpp:18[m[K,
[2.413s]                  from [01m[K/opt/ros/kilted/include/rclcpp/rclcpp/executor_options.hpp:22[m[K,
[2.413s]                  from [01m[K/opt/ros/kilted/include/rclcpp/rclcpp/executor.hpp:38[m[K,
[2.413s]                  from [01m[K/opt/ros/kilted/include/rclcpp/rclcpp/executors/multi_threaded_executor.hpp:25[m[K,
[2.413s]                  from [01m[K/opt/ros/kilted/include/rclcpp/rclcpp/executors.hpp:21[m[K,
[2.413s]                  from [01m[K/opt/ros/kilted/include/rclcpp/rclcpp/rclcpp.hpp:172[m[K:
[2.413s] [01m[K/opt/ros/kilted/include/statistics_msgs/statistics_msgs/msg/detail/statistic_data_point__struct.hpp:30:11:[m[K [01;36m[Knote: [m[K  ‘[01m[Kstatistics_msgs::msg[m[K’
[2.413s]    30 | namespace [01;36m[Kmsg[m[K
[2.413s]       |           [01;36m[K^~~[m[K
[2.413s] In file included from [01m[K/opt/ros/kilted/include/geometry_msgs/geometry_msgs/msg/detail/twist__struct.hpp:24[m[K,
[2.413s]                  from [01m[K/opt/ros/kilted/include/geometry_msgs/geometry_msgs/msg/twist.hpp:7[m[K,
[2.414s]                  from [01m[K/home/johra-oishi/onboarding2_ws/src/my_circle_pkg/src/circle_node.cpp:2[m[K:
[2.414s] [01m[K/opt/ros/kilted/include/geometry_msgs/geometry_msgs/msg/detail/vector3__struct.hpp:30:11:[m[K [01;36m[Knote: [m[K  ‘[01m[Kgeometry_msgs::msg[m[K’
[2.414s]    30 | namespace [01;36m[Kmsg[m[K
[2.414s]       |           [01;36m[K^~~[m[K
[3.421s] gmake[2]: *** [CMakeFiles/circle_node.dir/build.make:76: CMakeFiles/circle_node.dir/src/circle_node.cpp.o] Error 1
[3.421s] gmake[1]: *** [CMakeFiles/Makefile2:137: CMakeFiles/circle_node.dir/all] Error 2
[3.421s] gmake: *** [Makefile:146: all] Error 2
[3.424s] Invoked command in '/home/johra-oishi/onboarding2_ws/build/my_circle_pkg' returned '2': CMAKE_PREFIX_PATH=${CMAKE_PREFIX_PATH}:/home/johra-oishi/ros2_ws/install/my_robot_controller:/opt/ros/kilted DEBUGINFOD_URLS=https://debuginfod.ubuntu.com /usr/bin/cmake --build /home/johra-oishi/onboarding2_ws/build/my_circle_pkg -- -j8 -l8
