[0.016s] Invoking command in '/home/johra-oishi/onboarding2_ws/build/my_circle_pkg': CMAKE_PREFIX_PATH=${CMAKE_PREFIX_PATH}:/home/johra-oishi/ros2_ws/install/my_robot_controller:/opt/ros/kilted DEBUGINFOD_URLS=https://debuginfod.ubuntu.com /usr/bin/cmake --build /home/johra-oishi/onboarding2_ws/build/my_circle_pkg -- -j8 -l8
[0.116s] [ 50%] [32mBuilding CXX object CMakeFiles/circle_node.dir/src/circle_node.cpp.o[0m
[8.287s] [100%] [32m[1mLinking CXX executable circle_node[0m
[8.717s] [100%] Built target circle_node
[8.731s] Invoked command in '/home/johra-oishi/onboarding2_ws/build/my_circle_pkg' returned '0': CMAKE_PREFIX_PATH=${CMAKE_PREFIX_PATH}:/home/johra-oishi/ros2_ws/install/my_robot_controller:/opt/ros/kilted DEBUGINFOD_URLS=https://debuginfod.ubuntu.com /usr/bin/cmake --build /home/johra-oishi/onboarding2_ws/build/my_circle_pkg -- -j8 -l8
[8.746s] Invoking command in '/home/johra-oishi/onboarding2_ws/build/my_circle_pkg': CMAKE_PREFIX_PATH=${CMAKE_PREFIX_PATH}:/home/johra-oishi/ros2_ws/install/my_robot_controller:/opt/ros/kilted DEBUGINFOD_URLS=https://debuginfod.ubuntu.com /usr/bin/cmake --install /home/johra-oishi/onboarding2_ws/build/my_circle_pkg
[8.759s] -- Install configuration: ""
[8.760s] -- Installing: /home/johra-oishi/onboarding2_ws/install/my_circle_pkg/lib/my_circle_pkg/circle_node
[8.767s] -- Set non-toolchain portion of runtime path of "/home/johra-oishi/onboarding2_ws/install/my_circle_pkg/lib/my_circle_pkg/circle_node" to ""
[8.767s] -- Up-to-date: /home/johra-oishi/onboarding2_ws/install/my_circle_pkg/share/ament_index/resource_index/package_run_dependencies/my_circle_pkg
[8.767s] -- Up-to-date: /home/johra-oishi/onboarding2_ws/install/my_circle_pkg/share/ament_index/resource_index/parent_prefix_path/my_circle_pkg
[8.767s] -- Up-to-date: /home/johra-oishi/onboarding2_ws/install/my_circle_pkg/share/my_circle_pkg/environment/ament_prefix_path.sh
[8.768s] -- Up-to-date: /home/johra-oishi/onboarding2_ws/install/my_circle_pkg/share/my_circle_pkg/environment/ament_prefix_path.dsv
[8.768s] -- Up-to-date: /home/johra-oishi/onboarding2_ws/install/my_circle_pkg/share/my_circle_pkg/environment/path.sh
[8.768s] -- Up-to-date: /home/johra-oishi/onboarding2_ws/install/my_circle_pkg/share/my_circle_pkg/environment/path.dsv
[8.768s] -- Up-to-date: /home/johra-oishi/onboarding2_ws/install/my_circle_pkg/share/my_circle_pkg/local_setup.bash
[8.768s] -- Up-to-date: /home/johra-oishi/onboarding2_ws/install/my_circle_pkg/share/my_circle_pkg/local_setup.sh
[8.768s] -- Up-to-date: /home/johra-oishi/onboarding2_ws/install/my_circle_pkg/share/my_circle_pkg/local_setup.zsh
[8.768s] -- Up-to-date: /home/johra-oishi/onboarding2_ws/install/my_circle_pkg/share/my_circle_pkg/local_setup.dsv
[8.769s] -- Installing: /home/johra-oishi/onboarding2_ws/install/my_circle_pkg/share/my_circle_pkg/package.dsv
[8.769s] -- Up-to-date: /home/johra-oishi/onboarding2_ws/install/my_circle_pkg/share/ament_index/resource_index/packages/my_circle_pkg
[8.769s] -- Up-to-date: /home/johra-oishi/onboarding2_ws/install/my_circle_pkg/share/my_circle_pkg/cmake/my_circle_pkgConfig.cmake
[8.769s] -- Up-to-date: /home/johra-oishi/onboarding2_ws/install/my_circle_pkg/share/my_circle_pkg/cmake/my_circle_pkgConfig-version.cmake
[8.769s] -- Up-to-date: /home/johra-oishi/onboarding2_ws/install/my_circle_pkg/share/my_circle_pkg/package.xml
[8.771s] Invoked command in '/home/johra-oishi/onboarding2_ws/build/my_circle_pkg' returned '0': CMAKE_PREFIX_PATH=${CMAKE_PREFIX_PATH}:/home/johra-oishi/ros2_ws/install/my_robot_controller:/opt/ros/kilted DEBUGINFOD_URLS=https://debuginfod.ubuntu.com /usr/bin/cmake --install /home/johra-oishi/onboarding2_ws/build/my_circle_pkg
