[0.010s] Invoking command in '/home/johra-oishi/onboarding2_ws/build/my_circle_pkg': CMAKE_PREFIX_PATH=${CMAKE_PREFIX_PATH}:/home/johra-oishi/ros2_ws/install/my_robot_controller:/opt/ros/kilted DEBUGINFOD_URLS=https://debuginfod.ubuntu.com /usr/bin/cmake /home/johra-oishi/onboarding2_ws/src/my_circle_pkg -DCMAKE_INSTALL_PREFIX=/home/johra-oishi/onboarding2_ws/install/my_circle_pkg
[0.023s] -- Found ament_cmake: 2.7.3 (/opt/ros/kilted/share/ament_cmake/cmake)
[0.334s] -- Found rclcpp: 29.5.3 (/opt/ros/kilted/share/rclcpp/cmake)
[0.378s] -- Found rosidl_generator_c: 4.9.5 (/opt/ros/kilted/share/rosidl_generator_c/cmake)
[0.391s] -- Found rosidl_generator_cpp: 4.9.5 (/opt/ros/kilted/share/rosidl_generator_cpp/cmake)
[0.402s] -- Using all available rosidl_typesupport_c: rosidl_typesupport_fastrtps_c;rosidl_typesupport_introspection_c
[0.416s] -- Using all available rosidl_typesupport_cpp: rosidl_typesupport_fastrtps_cpp;rosidl_typesupport_introspection_cpp
[0.478s] -- Found rmw_implementation_cmake: 7.8.2 (/opt/ros/kilted/share/rmw_implementation_cmake/cmake)
[0.479s] -- Found rmw_fastrtps_cpp: 9.3.3 (/opt/ros/kilted/share/rmw_fastrtps_cpp/cmake)
[0.518s] -- Using RMW implementation 'rmw_fastrtps_cpp' as default
[0.602s] -- Found geometry_msgs: 5.5.1 (/opt/ros/kilted/share/geometry_msgs/cmake)
[0.632s] -- Found ament_lint_auto: 0.19.2 (/opt/ros/kilted/share/ament_lint_auto/cmake)
[0.748s] [0mCMake Deprecation Warning at /opt/ros/kilted/share/ament_cmake_target_dependencies/cmake/ament_target_dependencies.cmake:87 (message):
[0.748s]   ament_target_dependencies() is deprecated.  Use target_link_libraries()
[0.749s]   with modern CMake targets instead.  Try replacing this call with:
[0.749s] 
[0.749s]     target_link_libraries(circle_node PUBLIC
[0.749s]       ${geometry_msgs_TARGETS}
[0.749s]       rclcpp::rclcpp
[0.749s]     )
[0.749s] 
[0.749s] Call Stack (most recent call first):
[0.750s]   CMakeLists.txt:27 (ament_target_dependencies)
[0.750s] 
[0.750s] [0m
[0.753s] -- Added test 'cppcheck' to perform static code analysis on C / C++ code
[0.753s] -- Configured cppcheck include dirs: 
[0.754s] -- Configured cppcheck exclude dirs and/or files: 
[0.755s] -- Added test 'lint_cmake' to check CMake code style
[0.756s] -- Added test 'uncrustify' to check C / C++ code style
[0.756s] -- Configured uncrustify additional arguments: 
[0.757s] -- Added test 'xmllint' to check XML markup files
[0.759s] -- Configuring done (0.7s)
[0.776s] -- Generating done (0.0s)
[0.783s] -- Build files have been written to: /home/johra-oishi/onboarding2_ws/build/my_circle_pkg
[0.795s] Invoked command in '/home/johra-oishi/onboarding2_ws/build/my_circle_pkg' returned '0': CMAKE_PREFIX_PATH=${CMAKE_PREFIX_PATH}:/home/johra-oishi/ros2_ws/install/my_robot_controller:/opt/ros/kilted DEBUGINFOD_URLS=https://debuginfod.ubuntu.com /usr/bin/cmake /home/johra-oishi/onboarding2_ws/src/my_circle_pkg -DCMAKE_INSTALL_PREFIX=/home/johra-oishi/onboarding2_ws/install/my_circle_pkg
[0.797s] Invoking command in '/home/johra-oishi/onboarding2_ws/build/my_circle_pkg': CMAKE_PREFIX_PATH=${CMAKE_PREFIX_PATH}:/home/johra-oishi/ros2_ws/install/my_robot_controller:/opt/ros/kilted DEBUGINFOD_URLS=https://debuginfod.ubuntu.com /usr/bin/cmake --build /home/johra-oishi/onboarding2_ws/build/my_circle_pkg -- -j8 -l8
[0.887s] [ 50%] [32mBuilding CXX object CMakeFiles/circle_node.dir/src/circle_node.cpp.o[0m
[3.202s] [01m[K/home/johra-oishi/onboarding2_ws/src/my_circle_pkg/src/circle_node.cpp:5:18:[m[K [01;31m[Kerror: [m[Kexpected unqualified-id before ‘[01m[K)[m[K’ token
[3.202s]     5 | class CircleNode([01;31m[K)[m[K : public rclcpp::Node
[3.202s]       |                  [01;31m[K^[m[K
[3.204s] [01m[K/home/johra-oishi/onboarding2_ws/src/my_circle_pkg/src/circle_node.cpp:[m[K In function ‘[01m[Kint[01;32m[K main[m[K(int, char**)[m[K’:
[3.204s] [01m[K/home/johra-oishi/onboarding2_ws/src/my_circle_pkg/src/circle_node.cpp:43:17:[m[K [01;31m[Kerror: [m[Kno matching function for call to ‘[01m[Kspin(std::shared_ptr<CircleNode>)[m[K’
[3.204s]    43 |     [01;31m[Krclcpp::spin(std::make_shared<CircleNode>())[m[K;
[3.204s]       |     [01;31m[K~~~~~~~~~~~~^~~~~~~~~~~~~~~~~~~~~~~~~~~~~~~~[m[K
[3.204s] In file included from [01m[K/opt/ros/kilted/include/rclcpp/rclcpp/rclcpp.hpp:172[m[K,
[3.204s]                  from [01m[K/home/johra-oishi/onboarding2_ws/src/my_circle_pkg/src/circle_node.cpp:1[m[K:
[3.204s] [01m[K/opt/ros/kilted/include/rclcpp/rclcpp/executors.hpp:58:1:[m[K [01;36m[Knote: [m[Kcandidate: ‘[01m[Kvoid rclcpp::[01;32m[Kspin[m[K(node_interfaces::NodeBaseInterface::SharedPtr)[m[K’
[3.205s]    58 | [01;36m[Kspin[m[K(rclcpp::node_interfaces::NodeBaseInterface::SharedPtr node_ptr);
[3.205s]       | [01;36m[K^~~~[m[K
[3.205s] [01m[K/opt/ros/kilted/include/rclcpp/rclcpp/executors.hpp:58:60:[m[K [01;36m[Knote: [m[K  no known conversion for argument 1 from ‘[01m[Kshared_ptr<[01;32m[KCircleNode[m[K>[m[K’ to ‘[01m[Kshared_ptr<[01;32m[Krclcpp::node_interfaces::NodeBaseInterface[m[K>[m[K’
[3.205s]    58 | spin([01;36m[Krclcpp::node_interfaces::NodeBaseInterface::SharedPtr node_ptr[m[K);
[3.205s]       |      [01;36m[K~~~~~~~~~~~~~~~~~~~~~~~~~~~~~~~~~~~~~~~~~~~~~~~~~~~~~~^~~~~~~~[m[K
[3.205s] [01m[K/opt/ros/kilted/include/rclcpp/rclcpp/executors.hpp:62:1:[m[K [01;36m[Knote: [m[Kcandidate: ‘[01m[Kvoid rclcpp::[01;32m[Kspin[m[K(Node::SharedPtr)[m[K’
[3.205s]    62 | [01;36m[Kspin[m[K(rclcpp::Node::SharedPtr node_ptr);
[3.205s]       | [01;36m[K^~~~[m[K
[3.205s] [01m[K/opt/ros/kilted/include/rclcpp/rclcpp/executors.hpp:62:30:[m[K [01;36m[Knote: [m[K  no known conversion for argument 1 from ‘[01m[Kshared_ptr<[01;32m[KCircleNode[m[K>[m[K’ to ‘[01m[Kshared_ptr<[01;32m[Krclcpp::Node[m[K>[m[K’
[3.205s]    62 | spin([01;36m[Krclcpp::Node::SharedPtr node_ptr[m[K);
[3.205s]       |      [01;36m[K~~~~~~~~~~~~~~~~~~~~~~~~^~~~~~~~[m[K
[3.693s] In file included from [01m[K/usr/include/c++/13/bits/shared_ptr_base.h:60[m[K,
[3.693s]                  from [01m[K/usr/include/c++/13/bits/shared_ptr.h:53[m[K,
[3.693s]                  from [01m[K/usr/include/c++/13/memory:80[m[K,
[3.693s]                  from [01m[K/opt/ros/kilted/include/rclcpp/rclcpp/rclcpp.hpp:169[m[K:
[3.693s] /usr/include/c++/13/ext/aligned_buffer.h: In instantiation of ‘[01m[Kstruct __gnu_cxx::__aligned_buffer<CircleNode>[m[K’:
[3.693s] [01m[K/usr/include/c++/13/bits/shared_ptr_base.h:591:35:[m[K   required from ‘[01m[Kclass std::_Sp_counted_ptr_inplace<CircleNode, std::allocator<void>, __gnu_cxx::_S_atomic>::_Impl[m[K’
[3.693s] [01m[K/usr/include/c++/13/bits/shared_ptr_base.h:652:13:[m[K   required from ‘[01m[Kclass std::_Sp_counted_ptr_inplace<CircleNode, std::allocator<void>, __gnu_cxx::_S_atomic>[m[K’
[3.693s] [01m[K/usr/include/c++/13/bits/shared_ptr_base.h:968:43:[m[K   required from ‘[01m[Kstd::__shared_count<_Lp>::[01;32m[K__shared_count[m[K(_Tp*&, std::_Sp_alloc_shared_tag<_Alloc>, _Args&& ...) [35m[K[with _Tp = CircleNode; _Alloc = std::allocator<void>; _Args = {}; __gnu_cxx::_Lock_policy _Lp = __gnu_cxx::_S_atomic][m[K[m[K’
[3.693s] [01m[K/usr/include/c++/13/bits/shared_ptr_base.h:1712:14:[m[K   required from ‘[01m[Kstd::__shared_ptr<_Tp, _Lp>::[01;32m[K__shared_ptr[m[K(std::_Sp_alloc_shared_tag<_Tp>, _Args&& ...) [35m[K[with _Alloc = std::allocator<void>; _Args = {}; _Tp = CircleNode; __gnu_cxx::_Lock_policy _Lp = __gnu_cxx::_S_atomic][m[K[m[K’
[3.693s] [01m[K/usr/include/c++/13/bits/shared_ptr.h:464:59:[m[K   required from ‘[01m[Kstd::shared_ptr<_Tp>::[01;32m[Kshared_ptr[m[K(std::_Sp_alloc_shared_tag<_Tp>, _Args&& ...) [35m[K[with _Alloc = std::allocator<void>; _Args = {}; _Tp = CircleNode][m[K[m[K’
[3.693s] [01m[K/usr/include/c++/13/bits/shared_ptr.h:1009:14:[m[K   required from ‘[01m[Kstd::shared_ptr<typename std::enable_if<(! std::is_array< <template-parameter-1-1> >::value), _Tp>::type> std::[01;32m[Kmake_shared[m[K(_Args&& ...) [35m[K[with _Tp = CircleNode; _Args = {}; typename enable_if<(! is_array< <template-parameter-1-1> >::value), _Tp>::type = CircleNode][m[K[m[K’
[3.693s] [01m[K/home/johra-oishi/onboarding2_ws/src/my_circle_pkg/src/circle_node.cpp:43:46:[m[K   required from here
[3.694s] [01m[K/usr/include/c++/13/ext/aligned_buffer.h:93:28:[m[K [01;31m[Kerror: [m[Kinvalid application of ‘[01m[Ksizeof[m[K’ to incomplete type ‘[01m[KCircleNode[m[K’
[3.694s]    93 |     : std::aligned_storage<[01;31m[Ksizeof(_Tp)[m[K, __alignof__(_Tp)>
[3.694s]       |                            [01;31m[K^~~~~~~~~~~[m[K
[3.694s] [01m[K/usr/include/c++/13/ext/aligned_buffer.h:93:28:[m[K [01;31m[Kerror: [m[Kinvalid application of ‘[01m[Ksizeof[m[K’ to incomplete type ‘[01m[KCircleNode[m[K’
[3.930s] gmake[2]: *** [CMakeFiles/circle_node.dir/build.make:76: CMakeFiles/circle_node.dir/src/circle_node.cpp.o] Error 1
[3.930s] gmake[1]: *** [CMakeFiles/Makefile2:137: CMakeFiles/circle_node.dir/all] Error 2
[3.930s] gmake: *** [Makefile:146: all] Error 2
[3.933s] Invoked command in '/home/johra-oishi/onboarding2_ws/build/my_circle_pkg' returned '2': CMAKE_PREFIX_PATH=${CMAKE_PREFIX_PATH}:/home/johra-oishi/ros2_ws/install/my_robot_controller:/opt/ros/kilted DEBUGINFOD_URLS=https://debuginfod.ubuntu.com /usr/bin/cmake --build /home/johra-oishi/onboarding2_ws/build/my_circle_pkg -- -j8 -l8
